Archive member included to satisfy reference by file (symbol)

libkernel.a(kernel.o)         (--whole-archive)
libkernel.a(usart.o)          (--whole-archive)
C:/GCC-AVR/bin/../lib/gcc/avr/15.2.0/avr6\libgcc.a(_exit.o)
                              C:/GCC-AVR/bin/../lib/gcc/avr/15.2.0/../../../../avr/lib/avr6/crtatmega2560.o (exit)
C:/GCC-AVR/bin/../lib/gcc/avr/15.2.0/avr6\libgcc.a(_umulhisi3.o)
                              C:\Users\mkhit\AppData\Local\Temp\ccxgP5w0.ltrans0.ltrans.o (__umulhisi3)
C:/GCC-AVR/bin/../lib/gcc/avr/15.2.0/avr6\libgcc.a(_udivmodhi4.o)
                              C:\Users\mkhit\AppData\Local\Temp\ccxgP5w0.ltrans0.ltrans.o (__udivmodhi4)
C:/GCC-AVR/bin/../lib/gcc/avr/15.2.0/avr6\libgcc.a(_udivmodsi4.o)
                              C:\Users\mkhit\AppData\Local\Temp\ccxgP5w0.ltrans0.ltrans.o (__udivmodsi4)
C:/GCC-AVR/bin/../lib/gcc/avr/15.2.0/avr6\libgcc.a(_copy_data.o)
                              C:\Users\mkhit\AppData\Local\Temp\ccxgP5w0.ltrans0.ltrans.o (__do_copy_data)
C:/GCC-AVR/bin/../lib/gcc/avr/15.2.0/avr6\libgcc.a(_clear_bss.o)
                              C:\Users\mkhit\AppData\Local\Temp\ccxgP5w0.ltrans0.ltrans.o (__do_clear_bss)
C:/GCC-AVR/bin/../lib/gcc/avr/15.2.0/avr6\libgcc.a(_ctors.o)
                              C:\Users\mkhit\AppData\Local\Temp\ccxgP5w0.ltrans0.ltrans.o (__do_global_ctors)
C:/GCC-AVR/bin/../lib/gcc/avr/15.2.0/avr6\libgcc.a(_muluhisi3.o)
                              C:\Users\mkhit\AppData\Local\Temp\ccxgP5w0.ltrans0.ltrans.o (__muluhisi3)
C:/GCC-AVR/bin/../lib/gcc/avr/15.2.0/avr6\libgcc.a(_tablejump2.o)
                              C:/GCC-AVR/bin/../lib/gcc/avr/15.2.0/avr6\libgcc.a(_ctors.o) (__tablejump2__)
C:/GCC-AVR/bin/../lib/gcc/avr/15.2.0/../../../../avr/lib/avr6\libc.a(malloc.o)
                              C:\Users\mkhit\AppData\Local\Temp\ccxgP5w0.ltrans0.ltrans.o (malloc)
C:/GCC-AVR/bin/../lib/gcc/avr/15.2.0/../../../../avr/lib/avr6\libc.a(realloc.o)
                              C:\Users\mkhit\AppData\Local\Temp\ccxgP5w0.ltrans0.ltrans.o (realloc)
C:/GCC-AVR/bin/../lib/gcc/avr/15.2.0/../../../../avr/lib/avr6\libc.a(tolower.o)
                              C:\Users\mkhit\AppData\Local\Temp\ccxgP5w0.ltrans0.ltrans.o (tolower)
C:/GCC-AVR/bin/../lib/gcc/avr/15.2.0/../../../../avr/lib/avr6\libc.a(memcpy.o)
                              C:/GCC-AVR/bin/../lib/gcc/avr/15.2.0/../../../../avr/lib/avr6\libc.a(realloc.o) (memcpy)
C:/GCC-AVR/bin/../lib/gcc/avr/15.2.0/../../../../avr/lib/avr6\libc.a(strcmp.o)
                              C:\Users\mkhit\AppData\Local\Temp\ccxgP5w0.ltrans0.ltrans.o (strcmp)
C:/GCC-AVR/bin/../lib/gcc/avr/15.2.0/../../../../avr/lib/avr6\libc.a(strcpy.o)
                              C:\Users\mkhit\AppData\Local\Temp\ccxgP5w0.ltrans0.ltrans.o (strcpy)
C:/GCC-AVR/bin/../lib/gcc/avr/15.2.0/../../../../avr/lib/avr6\libc.a(strncpy.o)
                              C:\Users\mkhit\AppData\Local\Temp\ccxgP5w0.ltrans0.ltrans.o (strncpy)
C:/GCC-AVR/bin/../lib/gcc/avr/15.2.0/../../../../avr/lib/avr6\libc.a(strrchr.o)
                              C:\Users\mkhit\AppData\Local\Temp\ccxgP5w0.ltrans0.ltrans.o (strrchr)

There are no discarded input sections

Memory Configuration

Name             Origin             Length             Attributes
text             0x00000000         0x00040000         xr
data             0x00800200         0x00002000         rw!x
eeprom           0x00810000         0x00001000         rw!x
fuse             0x00820000         0x00000003         rw!x
lock             0x00830000         0x00000400         rw!x
signature        0x00840000         0x00000400         rw!x
user_signatures  0x00850000         0x00000400         rw!x
*default*        0x00000000         0xffffffff

Linker script and memory map

Address of section .data set to 0x800200
LOAD C:/GCC-AVR/bin/../lib/gcc/avr/15.2.0/../../../../avr/lib/avr6/crtatmega2560.o
Address of section .text set to 0x0
LOAD C:\Users\mkhit\AppData\Local\Temp\ccxgP5w0.ltrans0.ltrans.o
LOAD libkernel.a
LOAD build/Launcher.o
LOAD build/pff.o
LOAD build/spi.o
LOAD build/diskio.o
LOAD build/asmfunc.o
START GROUP
LOAD C:/GCC-AVR/bin/../lib/gcc/avr/15.2.0/avr6\libgcc.a
LOAD C:/GCC-AVR/bin/../lib/gcc/avr/15.2.0/../../../../avr/lib/avr6\libm.a
LOAD C:/GCC-AVR/bin/../lib/gcc/avr/15.2.0/../../../../avr/lib/avr6\libc.a
LOAD C:/GCC-AVR/bin/../lib/gcc/avr/15.2.0/../../../../avr/lib/avr6\libatmega2560.a
END GROUP
                [0x00000000]                      __TEXT_REGION_ORIGIN__ = DEFINED (__TEXT_REGION_ORIGIN__)?__TEXT_REGION_ORIGIN__:0x0
                [0x00040000]                      __TEXT_REGION_LENGTH__ = DEFINED (__TEXT_REGION_LENGTH__)?__TEXT_REGION_LENGTH__:0x100000
                [0x00800200]                      __DATA_REGION_ORIGIN__ = DEFINED (__DATA_REGION_ORIGIN__)?__DATA_REGION_ORIGIN__:0x800200
                [0x00002000]                      __DATA_REGION_LENGTH__ = DEFINED (__DATA_REGION_LENGTH__)?__DATA_REGION_LENGTH__:0xfe00
                [0x00001000]                      __EEPROM_REGION_LENGTH__ = DEFINED (__EEPROM_REGION_LENGTH__)?__EEPROM_REGION_LENGTH__:0x10000
                [0x00000003]                      __FUSE_REGION_LENGTH__ = DEFINED (__FUSE_REGION_LENGTH__)?__FUSE_REGION_LENGTH__:0x400
                0x00000400                        __LOCK_REGION_LENGTH__ = DEFINED (__LOCK_REGION_LENGTH__)?__LOCK_REGION_LENGTH__:0x400
                0x00000400                        __SIGNATURE_REGION_LENGTH__ = DEFINED (__SIGNATURE_REGION_LENGTH__)?__SIGNATURE_REGION_LENGTH__:0x400
                0x00000400                        __USER_SIGNATURE_REGION_LENGTH__ = DEFINED (__USER_SIGNATURE_REGION_LENGTH__)?__USER_SIGNATURE_REGION_LENGTH__:0x400

.hash
 *(.hash)

.dynsym
 *(.dynsym)

.dynstr
 *(.dynstr)

.gnu.version
 *(.gnu.version)

.gnu.version_d
 *(.gnu.version_d)

.gnu.version_r
 *(.gnu.version_r)

.rel.init
 *(.rel.init)

.rela.init
 *(.rela.init)

.rel.text
 *(.rel.text)
 *(.rel.text.*)
 *(.rel.gnu.linkonce.t*)

.rela.text
 *(.rela.text)
 *(.rela.text.*)
 *(.rela.gnu.linkonce.t*)

.rel.fini
 *(.rel.fini)

.rela.fini
 *(.rela.fini)

.rel.rodata
 *(.rel.rodata)
 *(.rel.rodata.*)
 *(.rel.gnu.linkonce.r*)

.rela.rodata
 *(.rela.rodata)
 *(.rela.rodata.*)
 *(.rela.gnu.linkonce.r*)

.rel.data
 *(.rel.data)
 *(.rel.data.*)
 *(.rel.gnu.linkonce.d*)

.rela.data
 *(.rela.data)
 *(.rela.data.*)
 *(.rela.gnu.linkonce.d*)

.rel.ctors
 *(.rel.ctors)

.rela.ctors
 *(.rela.ctors)

.rel.dtors
 *(.rel.dtors)

.rela.dtors
 *(.rela.dtors)

.rel.got
 *(.rel.got)

.rela.got
 *(.rela.got)

.rel.bss
 *(.rel.bss)

.rela.bss
 *(.rela.bss)

.rel.plt
 *(.rel.plt)

.rela.plt
 *(.rela.plt)

.text           0x00000000     0x1358
 *(.vectors)
 .vectors       0x00000000       0xe4 C:/GCC-AVR/bin/../lib/gcc/avr/15.2.0/../../../../avr/lib/avr6/crtatmega2560.o
                0x00000000                __vector_default
                0x00000000                __vectors
 *(.vectors)
                0x000000e4                        __progmem_start = .
 *(.progmem)
 *(.progmem.*)
 .progmem.data.pattern
                0x000000e4       0x1b C:\Users\mkhit\AppData\Local\Temp\ccxgP5w0.ltrans0.ltrans.o
                0x000000e4                pattern
                0x000000ff                        __progmem_end = .
                0x00000001                        ASSERT (((__progmem_start == __progmem_end) || (__progmem_end <= 0x10000)), .progmem section exceeds 0x10000)
                0x00000100                        . = ALIGN (0x2)
 *fill*         0x000000ff        0x1 
                0x00000100                        __trampolines_start = .
 *(.trampolines)
 .trampolines   0x00000100        0x4 linker stubs
 *(.trampolines*)
                0x00000104                        __trampolines_end = .
                0x00000104                        . = ALIGN (0x2)
 *(.lowtext)
 *(.lowtext*)
                0x00000104                        __ctors_start = .
 *(.ctors)
 .ctors         0x00000104        0x2 C:\Users\mkhit\AppData\Local\Temp\ccxgP5w0.ltrans0.ltrans.o
                0x00000106                        __ctors_end = .
                0x00000106                        __dtors_start = .
 *(.dtors)
                0x00000106                        __dtors_end = .
 SORT_BY_NAME(*)(.ctors)
 SORT_BY_NAME(*)(.dtors)
 *(.init0)
 .init0         0x00000106        0x0 C:/GCC-AVR/bin/../lib/gcc/avr/15.2.0/../../../../avr/lib/avr6/crtatmega2560.o
                0x00000106                __init
 *(.init0)
 *(.init1)
 *(.init1)
 *(.init2)
 .init2         0x00000106       0x10 C:/GCC-AVR/bin/../lib/gcc/avr/15.2.0/../../../../avr/lib/avr6/crtatmega2560.o
 *(.init2)
 *(.init3)
 *(.init3)
 *(.init4)
 .init4         0x00000116       0x1a C:/GCC-AVR/bin/../lib/gcc/avr/15.2.0/avr6\libgcc.a(_copy_data.o)
                0x00000116                __do_copy_data
 .init4         0x00000130       0x10 C:/GCC-AVR/bin/../lib/gcc/avr/15.2.0/avr6\libgcc.a(_clear_bss.o)
                0x00000130                __do_clear_bss
 *(.init4)
 *(.init5)
 *(.init5)
 *(.init6)
 .init6         0x00000140       0x20 C:/GCC-AVR/bin/../lib/gcc/avr/15.2.0/avr6\libgcc.a(_ctors.o)
                0x00000140                __do_global_ctors
 *(.init6)
 *(.init7)
 *(.init7)
 *(.init8)
 *(.init8)
 *(.init9)
 .init9         0x00000160        0x8 C:/GCC-AVR/bin/../lib/gcc/avr/15.2.0/../../../../avr/lib/avr6/crtatmega2560.o
 *(.init9)
 *(.text)
 .text          0x00000168        0x4 C:/GCC-AVR/bin/../lib/gcc/avr/15.2.0/../../../../avr/lib/avr6/crtatmega2560.o
                0x00000168                __vector_38
                0x00000168                __vector_22
                0x00000168                __vector_28
                0x00000168                __vector_1
                0x00000168                __vector_32
                0x00000168                __vector_34
                0x00000168                __vector_24
                0x00000168                __vector_12
                0x00000168                __vector_55
                0x00000168                __vector_46
                0x00000168                __bad_interrupt
                0x00000168                __vector_6
                0x00000168                __vector_31
                0x00000168                __vector_35
                0x00000168                __vector_39
                0x00000168                __vector_3
                0x00000168                __vector_23
                0x00000168                __vector_30
                0x00000168                __vector_45
                0x00000168                __vector_25
                0x00000168                __vector_11
                0x00000168                __vector_54
                0x00000168                __vector_13
                0x00000168                __vector_17
                0x00000168                __vector_19
                0x00000168                __vector_56
                0x00000168                __vector_7
                0x00000168                __vector_49
                0x00000168                __vector_41
                0x00000168                __vector_43
                0x00000168                __vector_27
                0x00000168                __vector_5
                0x00000168                __vector_33
                0x00000168                __vector_47
                0x00000168                __vector_52
                0x00000168                __vector_37
                0x00000168                __vector_4
                0x00000168                __vector_44
                0x00000168                __vector_51
                0x00000168                __vector_9
                0x00000168                __vector_2
                0x00000168                __vector_21
                0x00000168                __vector_15
                0x00000168                __vector_36
                0x00000168                __vector_29
                0x00000168                __vector_40
                0x00000168                __vector_8
                0x00000168                __vector_26
                0x00000168                __vector_48
                0x00000168                __vector_14
                0x00000168                __vector_53
                0x00000168                __vector_10
                0x00000168                __vector_50
                0x00000168                __vector_16
                0x00000168                __vector_18
                0x00000168                __vector_20
                0x00000168                __vector_42
 .text          0x0000016c        0x0 C:\Users\mkhit\AppData\Local\Temp\ccxgP5w0.ltrans0.ltrans.o
 .text          0x0000016c       0x26 build/asmfunc.o
                0x0000016c                select
                0x00000172                deselect
                0x00000174                rcv_spi
                0x00000176                xmit_spi
 .text          0x00000192        0x0 C:/GCC-AVR/bin/../lib/gcc/avr/15.2.0/avr6\libgcc.a(_exit.o)
 .text          0x00000192        0x0 C:/GCC-AVR/bin/../lib/gcc/avr/15.2.0/avr6\libgcc.a(_umulhisi3.o)
 .text          0x00000192        0x0 C:/GCC-AVR/bin/../lib/gcc/avr/15.2.0/avr6\libgcc.a(_udivmodhi4.o)
 .text          0x00000192        0x0 C:/GCC-AVR/bin/../lib/gcc/avr/15.2.0/avr6\libgcc.a(_udivmodsi4.o)
 .text          0x00000192        0x0 C:/GCC-AVR/bin/../lib/gcc/avr/15.2.0/avr6\libgcc.a(_copy_data.o)
 .text          0x00000192        0x0 C:/GCC-AVR/bin/../lib/gcc/avr/15.2.0/avr6\libgcc.a(_clear_bss.o)
 .text          0x00000192        0x0 C:/GCC-AVR/bin/../lib/gcc/avr/15.2.0/avr6\libgcc.a(_ctors.o)
 .text          0x00000192        0x0 C:/GCC-AVR/bin/../lib/gcc/avr/15.2.0/avr6\libgcc.a(_muluhisi3.o)
 .text          0x00000192        0x0 C:/GCC-AVR/bin/../lib/gcc/avr/15.2.0/avr6\libgcc.a(_tablejump2.o)
 .text          0x00000192        0x0 C:/GCC-AVR/bin/../lib/gcc/avr/15.2.0/../../../../avr/lib/avr6\libc.a(malloc.o)
 .text          0x00000192        0x0 C:/GCC-AVR/bin/../lib/gcc/avr/15.2.0/../../../../avr/lib/avr6\libc.a(realloc.o)
 .text          0x00000192        0x0 C:/GCC-AVR/bin/../lib/gcc/avr/15.2.0/../../../../avr/lib/avr6\libc.a(tolower.o)
 .text          0x00000192        0x0 C:/GCC-AVR/bin/../lib/gcc/avr/15.2.0/../../../../avr/lib/avr6\libc.a(memcpy.o)
 .text          0x00000192        0x0 C:/GCC-AVR/bin/../lib/gcc/avr/15.2.0/../../../../avr/lib/avr6\libc.a(strcmp.o)
 .text          0x00000192        0x0 C:/GCC-AVR/bin/../lib/gcc/avr/15.2.0/../../../../avr/lib/avr6\libc.a(strcpy.o)
 .text          0x00000192        0x0 C:/GCC-AVR/bin/../lib/gcc/avr/15.2.0/../../../../avr/lib/avr6\libc.a(strncpy.o)
 .text          0x00000192        0x0 C:/GCC-AVR/bin/../lib/gcc/avr/15.2.0/../../../../avr/lib/avr6\libc.a(strrchr.o)
                0x00000192                        . = ALIGN (0x2)
 *(.text.*)
 .text.transmitByte
                0x00000192        0xe C:\Users\mkhit\AppData\Local\Temp\ccxgP5w0.ltrans0.ltrans.o
 .text.printString
                0x000001a0       0x38 C:\Users\mkhit\AppData\Local\Temp\ccxgP5w0.ltrans0.ltrans.o
 .text.printWord
                0x000001d8       0x98 C:\Users\mkhit\AppData\Local\Temp\ccxgP5w0.ltrans0.ltrans.o
 .text.dir_rewind.constprop.0
                0x00000270       0x8c C:\Users\mkhit\AppData\Local\Temp\ccxgP5w0.ltrans0.ltrans.o
 .text.send_cmd
                0x000002fc       0x8c C:\Users\mkhit\AppData\Local\Temp\ccxgP5w0.ltrans0.ltrans.o
 .text.disk_readp
                0x00000388       0xac C:\Users\mkhit\AppData\Local\Temp\ccxgP5w0.ltrans0.ltrans.o
 .text.dir_next.constprop.0
                0x00000434      0x174 C:\Users\mkhit\AppData\Local\Temp\ccxgP5w0.ltrans0.ltrans.o
 .text.check_fs
                0x000005a8       0x6e C:\Users\mkhit\AppData\Local\Temp\ccxgP5w0.ltrans0.ltrans.o
 .text.startup.kernel_lib_init
                0x00000616       0x10 C:\Users\mkhit\AppData\Local\Temp\ccxgP5w0.ltrans0.ltrans.o
 .text.startup.main
                0x00000626      0x818 C:\Users\mkhit\AppData\Local\Temp\ccxgP5w0.ltrans0.ltrans.o
                0x00000626                main
 .text.libgcc.mul
                0x00000e3e        0x0 C:/GCC-AVR/bin/../lib/gcc/avr/15.2.0/avr6\libgcc.a(_exit.o)
 .text.libgcc.div
                0x00000e3e        0x0 C:/GCC-AVR/bin/../lib/gcc/avr/15.2.0/avr6\libgcc.a(_exit.o)
 .text.libgcc   0x00000e3e        0x0 C:/GCC-AVR/bin/../lib/gcc/avr/15.2.0/avr6\libgcc.a(_exit.o)
 .text.libgcc.prologue
                0x00000e3e        0x0 C:/GCC-AVR/bin/../lib/gcc/avr/15.2.0/avr6\libgcc.a(_exit.o)
 .text.libgcc.builtins
                0x00000e3e        0x0 C:/GCC-AVR/bin/../lib/gcc/avr/15.2.0/avr6\libgcc.a(_exit.o)
 .text.libgcc.fmul
                0x00000e3e        0x0 C:/GCC-AVR/bin/../lib/gcc/avr/15.2.0/avr6\libgcc.a(_exit.o)
 .text.libgcc.fixed
                0x00000e3e        0x0 C:/GCC-AVR/bin/../lib/gcc/avr/15.2.0/avr6\libgcc.a(_exit.o)
 .text.libgcc.mul
                0x00000e3e       0x1e C:/GCC-AVR/bin/../lib/gcc/avr/15.2.0/avr6\libgcc.a(_umulhisi3.o)
                0x00000e3e                __umulhisi3
 .text.libgcc.div
                0x00000e5c        0x0 C:/GCC-AVR/bin/../lib/gcc/avr/15.2.0/avr6\libgcc.a(_umulhisi3.o)
 .text.libgcc   0x00000e5c        0x0 C:/GCC-AVR/bin/../lib/gcc/avr/15.2.0/avr6\libgcc.a(_umulhisi3.o)
 .text.libgcc.prologue
                0x00000e5c        0x0 C:/GCC-AVR/bin/../lib/gcc/avr/15.2.0/avr6\libgcc.a(_umulhisi3.o)
 .text.libgcc.builtins
                0x00000e5c        0x0 C:/GCC-AVR/bin/../lib/gcc/avr/15.2.0/avr6\libgcc.a(_umulhisi3.o)
 .text.libgcc.fmul
                0x00000e5c        0x0 C:/GCC-AVR/bin/../lib/gcc/avr/15.2.0/avr6\libgcc.a(_umulhisi3.o)
 .text.libgcc.fixed
                0x00000e5c        0x0 C:/GCC-AVR/bin/../lib/gcc/avr/15.2.0/avr6\libgcc.a(_umulhisi3.o)
 .text.libgcc.mul
                0x00000e5c        0x0 C:/GCC-AVR/bin/../lib/gcc/avr/15.2.0/avr6\libgcc.a(_udivmodhi4.o)
 .text.libgcc.div
                0x00000e5c       0x28 C:/GCC-AVR/bin/../lib/gcc/avr/15.2.0/avr6\libgcc.a(_udivmodhi4.o)
                0x00000e5c                __udivmodhi4
 .text.libgcc   0x00000e84        0x0 C:/GCC-AVR/bin/../lib/gcc/avr/15.2.0/avr6\libgcc.a(_udivmodhi4.o)
 .text.libgcc.prologue
                0x00000e84        0x0 C:/GCC-AVR/bin/../lib/gcc/avr/15.2.0/avr6\libgcc.a(_udivmodhi4.o)
 .text.libgcc.builtins
                0x00000e84        0x0 C:/GCC-AVR/bin/../lib/gcc/avr/15.2.0/avr6\libgcc.a(_udivmodhi4.o)
 .text.libgcc.fmul
                0x00000e84        0x0 C:/GCC-AVR/bin/../lib/gcc/avr/15.2.0/avr6\libgcc.a(_udivmodhi4.o)
 .text.libgcc.fixed
                0x00000e84        0x0 C:/GCC-AVR/bin/../lib/gcc/avr/15.2.0/avr6\libgcc.a(_udivmodhi4.o)
 .text.libgcc.mul
                0x00000e84        0x0 C:/GCC-AVR/bin/../lib/gcc/avr/15.2.0/avr6\libgcc.a(_udivmodsi4.o)
 .text.libgcc.div
                0x00000e84       0x44 C:/GCC-AVR/bin/../lib/gcc/avr/15.2.0/avr6\libgcc.a(_udivmodsi4.o)
                0x00000e84                __udivmodsi4
 .text.libgcc   0x00000ec8        0x0 C:/GCC-AVR/bin/../lib/gcc/avr/15.2.0/avr6\libgcc.a(_udivmodsi4.o)
 .text.libgcc.prologue
                0x00000ec8        0x0 C:/GCC-AVR/bin/../lib/gcc/avr/15.2.0/avr6\libgcc.a(_udivmodsi4.o)
 .text.libgcc.builtins
                0x00000ec8        0x0 C:/GCC-AVR/bin/../lib/gcc/avr/15.2.0/avr6\libgcc.a(_udivmodsi4.o)
 .text.libgcc.fmul
                0x00000ec8        0x0 C:/GCC-AVR/bin/../lib/gcc/avr/15.2.0/avr6\libgcc.a(_udivmodsi4.o)
 .text.libgcc.fixed
                0x00000ec8        0x0 C:/GCC-AVR/bin/../lib/gcc/avr/15.2.0/avr6\libgcc.a(_udivmodsi4.o)
 .text.libgcc.mul
                0x00000ec8        0x0 C:/GCC-AVR/bin/../lib/gcc/avr/15.2.0/avr6\libgcc.a(_copy_data.o)
 .text.libgcc.div
                0x00000ec8        0x0 C:/GCC-AVR/bin/../lib/gcc/avr/15.2.0/avr6\libgcc.a(_copy_data.o)
 .text.libgcc   0x00000ec8        0x0 C:/GCC-AVR/bin/../lib/gcc/avr/15.2.0/avr6\libgcc.a(_copy_data.o)
 .text.libgcc.prologue
                0x00000ec8        0x0 C:/GCC-AVR/bin/../lib/gcc/avr/15.2.0/avr6\libgcc.a(_copy_data.o)
 .text.libgcc.builtins
                0x00000ec8        0x0 C:/GCC-AVR/bin/../lib/gcc/avr/15.2.0/avr6\libgcc.a(_copy_data.o)
 .text.libgcc.fmul
                0x00000ec8        0x0 C:/GCC-AVR/bin/../lib/gcc/avr/15.2.0/avr6\libgcc.a(_copy_data.o)
 .text.libgcc.fixed
                0x00000ec8        0x0 C:/GCC-AVR/bin/../lib/gcc/avr/15.2.0/avr6\libgcc.a(_copy_data.o)
 .text.libgcc.mul
                0x00000ec8        0x0 C:/GCC-AVR/bin/../lib/gcc/avr/15.2.0/avr6\libgcc.a(_clear_bss.o)
 .text.libgcc.div
                0x00000ec8        0x0 C:/GCC-AVR/bin/../lib/gcc/avr/15.2.0/avr6\libgcc.a(_clear_bss.o)
 .text.libgcc   0x00000ec8        0x0 C:/GCC-AVR/bin/../lib/gcc/avr/15.2.0/avr6\libgcc.a(_clear_bss.o)
 .text.libgcc.prologue
                0x00000ec8        0x0 C:/GCC-AVR/bin/../lib/gcc/avr/15.2.0/avr6\libgcc.a(_clear_bss.o)
 .text.libgcc.builtins
                0x00000ec8        0x0 C:/GCC-AVR/bin/../lib/gcc/avr/15.2.0/avr6\libgcc.a(_clear_bss.o)
 .text.libgcc.fmul
                0x00000ec8        0x0 C:/GCC-AVR/bin/../lib/gcc/avr/15.2.0/avr6\libgcc.a(_clear_bss.o)
 .text.libgcc.fixed
                0x00000ec8        0x0 C:/GCC-AVR/bin/../lib/gcc/avr/15.2.0/avr6\libgcc.a(_clear_bss.o)
 .text.libgcc.mul
                0x00000ec8        0x0 C:/GCC-AVR/bin/../lib/gcc/avr/15.2.0/avr6\libgcc.a(_ctors.o)
 .text.libgcc.div
                0x00000ec8        0x0 C:/GCC-AVR/bin/../lib/gcc/avr/15.2.0/avr6\libgcc.a(_ctors.o)
 .text.libgcc   0x00000ec8        0x0 C:/GCC-AVR/bin/../lib/gcc/avr/15.2.0/avr6\libgcc.a(_ctors.o)
 .text.libgcc.prologue
                0x00000ec8        0x0 C:/GCC-AVR/bin/../lib/gcc/avr/15.2.0/avr6\libgcc.a(_ctors.o)
 .text.libgcc.builtins
                0x00000ec8        0x0 C:/GCC-AVR/bin/../lib/gcc/avr/15.2.0/avr6\libgcc.a(_ctors.o)
 .text.libgcc.fmul
                0x00000ec8        0x0 C:/GCC-AVR/bin/../lib/gcc/avr/15.2.0/avr6\libgcc.a(_ctors.o)
 .text.libgcc.fixed
                0x00000ec8        0x0 C:/GCC-AVR/bin/../lib/gcc/avr/15.2.0/avr6\libgcc.a(_ctors.o)
 .text.libgcc.mul
                0x00000ec8       0x16 C:/GCC-AVR/bin/../lib/gcc/avr/15.2.0/avr6\libgcc.a(_muluhisi3.o)
                0x00000ec8                __muluhisi3
 .text.libgcc.div
                0x00000ede        0x0 C:/GCC-AVR/bin/../lib/gcc/avr/15.2.0/avr6\libgcc.a(_muluhisi3.o)
 .text.libgcc   0x00000ede        0x0 C:/GCC-AVR/bin/../lib/gcc/avr/15.2.0/avr6\libgcc.a(_muluhisi3.o)
 .text.libgcc.prologue
                0x00000ede        0x0 C:/GCC-AVR/bin/../lib/gcc/avr/15.2.0/avr6\libgcc.a(_muluhisi3.o)
 .text.libgcc.builtins
                0x00000ede        0x0 C:/GCC-AVR/bin/../lib/gcc/avr/15.2.0/avr6\libgcc.a(_muluhisi3.o)
 .text.libgcc.fmul
                0x00000ede        0x0 C:/GCC-AVR/bin/../lib/gcc/avr/15.2.0/avr6\libgcc.a(_muluhisi3.o)
 .text.libgcc.fixed
                0x00000ede        0x0 C:/GCC-AVR/bin/../lib/gcc/avr/15.2.0/avr6\libgcc.a(_muluhisi3.o)
 .text.libgcc.mul
                0x00000ede        0x0 C:/GCC-AVR/bin/../lib/gcc/avr/15.2.0/avr6\libgcc.a(_tablejump2.o)
 .text.libgcc.div
                0x00000ede        0x0 C:/GCC-AVR/bin/../lib/gcc/avr/15.2.0/avr6\libgcc.a(_tablejump2.o)
 .text.libgcc   0x00000ede       0x10 C:/GCC-AVR/bin/../lib/gcc/avr/15.2.0/avr6\libgcc.a(_tablejump2.o)
                0x00000ede                __tablejump2__
 .text.libgcc.prologue
                0x00000eee        0x0 C:/GCC-AVR/bin/../lib/gcc/avr/15.2.0/avr6\libgcc.a(_tablejump2.o)
 .text.libgcc.builtins
                0x00000eee        0x0 C:/GCC-AVR/bin/../lib/gcc/avr/15.2.0/avr6\libgcc.a(_tablejump2.o)
 .text.libgcc.fmul
                0x00000eee        0x0 C:/GCC-AVR/bin/../lib/gcc/avr/15.2.0/avr6\libgcc.a(_tablejump2.o)
 .text.libgcc.fixed
                0x00000eee        0x0 C:/GCC-AVR/bin/../lib/gcc/avr/15.2.0/avr6\libgcc.a(_tablejump2.o)
 .text.avr-libc
                0x00000eee      0x242 C:/GCC-AVR/bin/../lib/gcc/avr/15.2.0/../../../../avr/lib/avr6\libc.a(malloc.o)
                0x00000eee                malloc
                0x0000101a                free
 .text.avr-libc
                0x00001130      0x1ae C:/GCC-AVR/bin/../lib/gcc/avr/15.2.0/../../../../avr/lib/avr6\libc.a(realloc.o)
                0x00001130                realloc
 .text.avr-libc
                0x000012de       0x10 C:/GCC-AVR/bin/../lib/gcc/avr/15.2.0/../../../../avr/lib/avr6\libc.a(tolower.o)
                0x000012de                tolower
 .text.avr-libc
                0x000012ee       0x12 C:/GCC-AVR/bin/../lib/gcc/avr/15.2.0/../../../../avr/lib/avr6\libc.a(memcpy.o)
                0x000012ee                memcpy
 .text.avr-libc
                0x00001300       0x12 C:/GCC-AVR/bin/../lib/gcc/avr/15.2.0/../../../../avr/lib/avr6\libc.a(strcmp.o)
                0x00001300                strcmp
 .text.avr-libc
                0x00001312        0xe C:/GCC-AVR/bin/../lib/gcc/avr/15.2.0/../../../../avr/lib/avr6\libc.a(strcpy.o)
                0x00001312                strcpy
 .text.avr-libc
                0x00001320       0x1e C:/GCC-AVR/bin/../lib/gcc/avr/15.2.0/../../../../avr/lib/avr6\libc.a(strncpy.o)
                0x00001320                strncpy
 .text.avr-libc
                0x0000133e       0x16 C:/GCC-AVR/bin/../lib/gcc/avr/15.2.0/../../../../avr/lib/avr6\libc.a(strrchr.o)
                0x0000133e                strrchr
                0x00001354                        . = ALIGN (0x2)
 *(.fini9)
 .fini9         0x00001354        0x0 C:/GCC-AVR/bin/../lib/gcc/avr/15.2.0/avr6\libgcc.a(_exit.o)
                0x00001354                _exit
                0x00001354                exit
 *(.fini9)
 *(.fini8)
 *(.fini8)
 *(.fini7)
 *(.fini7)
 *(.fini6)
 *(.fini6)
 *(.fini5)
 *(.fini5)
 *(.fini4)
 *(.fini4)
 *(.fini3)
 *(.fini3)
 *(.fini2)
 *(.fini2)
 *(.fini1)
 *(.fini1)
 *(.fini0)
 .fini0         0x00001354        0x4 C:/GCC-AVR/bin/../lib/gcc/avr/15.2.0/avr6\libgcc.a(_exit.o)
 *(.fini0)
 *(.hightext)
 *(.hightext*)
 *(.progmemx)
 *(.progmemx.*)
                0x00001358                        . = ALIGN (0x2)
 *(.jumptables)
 *(.jumptables*)
                0x00001358                        _etext = .

.data           0x00800200      0x15e load address 0x00001358
                0x00800200                        PROVIDE (__data_start = .)
 *(.data)
 .data          0x00800200        0x0 C:/GCC-AVR/bin/../lib/gcc/avr/15.2.0/../../../../avr/lib/avr6/crtatmega2560.o
 .data          0x00800200        0x0 C:\Users\mkhit\AppData\Local\Temp\ccxgP5w0.ltrans0.ltrans.o
 .data          0x00800200        0x0 build/asmfunc.o
 .data          0x00800200        0x0 C:/GCC-AVR/bin/../lib/gcc/avr/15.2.0/avr6\libgcc.a(_exit.o)
 .data          0x00800200        0x0 C:/GCC-AVR/bin/../lib/gcc/avr/15.2.0/avr6\libgcc.a(_umulhisi3.o)
 .data          0x00800200        0x0 C:/GCC-AVR/bin/../lib/gcc/avr/15.2.0/avr6\libgcc.a(_udivmodhi4.o)
 .data          0x00800200        0x0 C:/GCC-AVR/bin/../lib/gcc/avr/15.2.0/avr6\libgcc.a(_udivmodsi4.o)
 .data          0x00800200        0x0 C:/GCC-AVR/bin/../lib/gcc/avr/15.2.0/avr6\libgcc.a(_copy_data.o)
 .data          0x00800200        0x0 C:/GCC-AVR/bin/../lib/gcc/avr/15.2.0/avr6\libgcc.a(_clear_bss.o)
 .data          0x00800200        0x0 C:/GCC-AVR/bin/../lib/gcc/avr/15.2.0/avr6\libgcc.a(_ctors.o)
 .data          0x00800200        0x0 C:/GCC-AVR/bin/../lib/gcc/avr/15.2.0/avr6\libgcc.a(_muluhisi3.o)
 .data          0x00800200        0x0 C:/GCC-AVR/bin/../lib/gcc/avr/15.2.0/avr6\libgcc.a(_tablejump2.o)
 .data          0x00800200        0x6 C:/GCC-AVR/bin/../lib/gcc/avr/15.2.0/../../../../avr/lib/avr6\libc.a(malloc.o)
                0x00800200                __malloc_heap_end
                0x00800202                __malloc_heap_start
                0x00800204                __malloc_margin
 .data          0x00800206        0x0 C:/GCC-AVR/bin/../lib/gcc/avr/15.2.0/../../../../avr/lib/avr6\libc.a(realloc.o)
 .data          0x00800206        0x0 C:/GCC-AVR/bin/../lib/gcc/avr/15.2.0/../../../../avr/lib/avr6\libc.a(tolower.o)
 .data          0x00800206        0x0 C:/GCC-AVR/bin/../lib/gcc/avr/15.2.0/../../../../avr/lib/avr6\libc.a(memcpy.o)
 .data          0x00800206        0x0 C:/GCC-AVR/bin/../lib/gcc/avr/15.2.0/../../../../avr/lib/avr6\libc.a(strcmp.o)
 .data          0x00800206        0x0 C:/GCC-AVR/bin/../lib/gcc/avr/15.2.0/../../../../avr/lib/avr6\libc.a(strcpy.o)
 .data          0x00800206        0x0 C:/GCC-AVR/bin/../lib/gcc/avr/15.2.0/../../../../avr/lib/avr6\libc.a(strncpy.o)
 .data          0x00800206        0x0 C:/GCC-AVR/bin/../lib/gcc/avr/15.2.0/../../../../avr/lib/avr6\libc.a(strrchr.o)
 *(.data*)
 *(.gnu.linkonce.d*)
 *(.rodata)
 *(.rodata*)
 .rodata.main.str1.1
                0x00800206      0x157 C:\Users\mkhit\AppData\Local\Temp\ccxgP5w0.ltrans0.ltrans.o
                                0x15a (size before relaxing)
 *(.gnu.linkonce.r*)
                0x0080035e                        . = ALIGN (0x2)
 *fill*         0x0080035d        0x1 
                0x0080035e                        _edata = .
                0x0080035e                        PROVIDE (__data_end = .)

.bss            0x0080035e       0x4f
                0x0080035e                        PROVIDE (__bss_start = .)
 *(.bss)
 .bss           0x0080035e        0x0 C:/GCC-AVR/bin/../lib/gcc/avr/15.2.0/../../../../avr/lib/avr6/crtatmega2560.o
 .bss           0x0080035e        0x0 C:\Users\mkhit\AppData\Local\Temp\ccxgP5w0.ltrans0.ltrans.o
 .bss           0x0080035e        0x0 build/asmfunc.o
 .bss           0x0080035e        0x0 C:/GCC-AVR/bin/../lib/gcc/avr/15.2.0/avr6\libgcc.a(_exit.o)
 .bss           0x0080035e        0x0 C:/GCC-AVR/bin/../lib/gcc/avr/15.2.0/avr6\libgcc.a(_umulhisi3.o)
 .bss           0x0080035e        0x0 C:/GCC-AVR/bin/../lib/gcc/avr/15.2.0/avr6\libgcc.a(_udivmodhi4.o)
 .bss           0x0080035e        0x0 C:/GCC-AVR/bin/../lib/gcc/avr/15.2.0/avr6\libgcc.a(_udivmodsi4.o)
 .bss           0x0080035e        0x0 C:/GCC-AVR/bin/../lib/gcc/avr/15.2.0/avr6\libgcc.a(_copy_data.o)
 .bss           0x0080035e        0x0 C:/GCC-AVR/bin/../lib/gcc/avr/15.2.0/avr6\libgcc.a(_clear_bss.o)
 .bss           0x0080035e        0x0 C:/GCC-AVR/bin/../lib/gcc/avr/15.2.0/avr6\libgcc.a(_ctors.o)
 .bss           0x0080035e        0x0 C:/GCC-AVR/bin/../lib/gcc/avr/15.2.0/avr6\libgcc.a(_muluhisi3.o)
 .bss           0x0080035e        0x0 C:/GCC-AVR/bin/../lib/gcc/avr/15.2.0/avr6\libgcc.a(_tablejump2.o)
 .bss           0x0080035e        0x4 C:/GCC-AVR/bin/../lib/gcc/avr/15.2.0/../../../../avr/lib/avr6\libc.a(malloc.o)
                0x0080035e                __flp
                0x00800360                __brkval
 .bss           0x00800362        0x0 C:/GCC-AVR/bin/../lib/gcc/avr/15.2.0/../../../../avr/lib/avr6\libc.a(realloc.o)
 .bss           0x00800362        0x0 C:/GCC-AVR/bin/../lib/gcc/avr/15.2.0/../../../../avr/lib/avr6\libc.a(tolower.o)
 .bss           0x00800362        0x0 C:/GCC-AVR/bin/../lib/gcc/avr/15.2.0/../../../../avr/lib/avr6\libc.a(memcpy.o)
 .bss           0x00800362        0x0 C:/GCC-AVR/bin/../lib/gcc/avr/15.2.0/../../../../avr/lib/avr6\libc.a(strcmp.o)
 .bss           0x00800362        0x0 C:/GCC-AVR/bin/../lib/gcc/avr/15.2.0/../../../../avr/lib/avr6\libc.a(strcpy.o)
 .bss           0x00800362        0x0 C:/GCC-AVR/bin/../lib/gcc/avr/15.2.0/../../../../avr/lib/avr6\libc.a(strncpy.o)
 .bss           0x00800362        0x0 C:/GCC-AVR/bin/../lib/gcc/avr/15.2.0/../../../../avr/lib/avr6\libc.a(strrchr.o)
 *(.bss*)
 .bss.CardType  0x00800362        0x1 C:\Users\mkhit\AppData\Local\Temp\ccxgP5w0.ltrans0.ltrans.o
 .bss.FatFs     0x00800363        0x2 C:\Users\mkhit\AppData\Local\Temp\ccxgP5w0.ltrans0.ltrans.o
 .bss.fno       0x00800365       0x16 C:\Users\mkhit\AppData\Local\Temp\ccxgP5w0.ltrans0.ltrans.o
 .bss.dir       0x0080037b        0xc C:\Users\mkhit\AppData\Local\Temp\ccxgP5w0.ltrans0.ltrans.o
 .bss.fs        0x00800387       0x24 C:\Users\mkhit\AppData\Local\Temp\ccxgP5w0.ltrans0.ltrans.o
 .bss.bfs       0x008003ab        0x2 C:\Users\mkhit\AppData\Local\Temp\ccxgP5w0.ltrans0.ltrans.o
 *(COMMON)
                0x008003ad                        PROVIDE (__bss_end = .)
                0x00001358                        __data_load_start = LOADADDR (.data)
                0x000014b6                        __data_load_end = (__data_load_start + SIZEOF (.data))

.noinit         0x008003ad        0x2
                [!provide]                        PROVIDE (__noinit_start = .)
 *(.noinit .noinit.* .gnu.linkonce.n.*)
 .noinit        0x008003ad        0x2 C:\Users\mkhit\AppData\Local\Temp\ccxgP5w0.ltrans0.ltrans.o
                [!provide]                        PROVIDE (__noinit_end = .)
                0x008003af                        _end = .
                0x008003af                        PROVIDE (__heap_start = .)
                0x00000000                        __flmap_init_label = DEFINED (__flmap_noinit_start)?__flmap_noinit_start:0x0
                0x00000000                        __flmap = DEFINED (__flmap)?__flmap:0x0

.eeprom         0x00810000        0x0
 *(.eeprom*)
                0x00810000                        __eeprom_end = .

.fuse
 *(.fuse)
 *(.lfuse)
 *(.hfuse)
 *(.efuse)

.lock
 *(.lock*)

.signature
 *(.signature*)

.stab
 *(.stab)

.stabstr
 *(.stabstr)

.stab.excl
 *(.stab.excl)

.stab.exclstr
 *(.stab.exclstr)

.stab.index
 *(.stab.index)

.stab.indexstr
 *(.stab.indexstr)

.comment        0x00000000       0x12
 *(.comment)
 .comment       0x00000000       0x12 C:\Users\mkhit\AppData\Local\Temp\ccxgP5w0.ltrans0.ltrans.o
                                 0x13 (size before relaxing)
 .comment       0x00000012        0x0 C:/GCC-AVR/bin/../lib/gcc/avr/15.2.0/../../../../avr/lib/avr6\libc.a(malloc.o)
                                 0x13 (size before relaxing)
 .comment       0x00000012        0x0 C:/GCC-AVR/bin/../lib/gcc/avr/15.2.0/../../../../avr/lib/avr6\libc.a(realloc.o)
                                 0x13 (size before relaxing)

.note.gnu.avr.deviceinfo
                0x00000000       0x40
 .note.gnu.avr.deviceinfo
                0x00000000       0x40 C:/GCC-AVR/bin/../lib/gcc/avr/15.2.0/../../../../avr/lib/avr6/crtatmega2560.o

.gnu.build.attributes
 *(.gnu.build.attributes .gnu.build.attributes.*)

.note.gnu.build-id
 *(.note.gnu.build-id)

.debug
 *(.debug)

.line
 *(.line)

.debug_srcinfo
 *(.debug_srcinfo)

.debug_sfnames
 *(.debug_sfnames)

.debug_aranges  0x00000000      0x120
 *(.debug_aranges)
 .debug_aranges
                0x00000000       0x20 C:/GCC-AVR/bin/../lib/gcc/avr/15.2.0/avr6\libgcc.a(_exit.o)
 .debug_aranges
                0x00000020       0x20 C:/GCC-AVR/bin/../lib/gcc/avr/15.2.0/avr6\libgcc.a(_umulhisi3.o)
 .debug_aranges
                0x00000040       0x20 C:/GCC-AVR/bin/../lib/gcc/avr/15.2.0/avr6\libgcc.a(_udivmodhi4.o)
 .debug_aranges
                0x00000060       0x20 C:/GCC-AVR/bin/../lib/gcc/avr/15.2.0/avr6\libgcc.a(_udivmodsi4.o)
 .debug_aranges
                0x00000080       0x20 C:/GCC-AVR/bin/../lib/gcc/avr/15.2.0/avr6\libgcc.a(_copy_data.o)
 .debug_aranges
                0x000000a0       0x20 C:/GCC-AVR/bin/../lib/gcc/avr/15.2.0/avr6\libgcc.a(_clear_bss.o)
 .debug_aranges
                0x000000c0       0x20 C:/GCC-AVR/bin/../lib/gcc/avr/15.2.0/avr6\libgcc.a(_ctors.o)
 .debug_aranges
                0x000000e0       0x20 C:/GCC-AVR/bin/../lib/gcc/avr/15.2.0/avr6\libgcc.a(_muluhisi3.o)
 .debug_aranges
                0x00000100       0x20 C:/GCC-AVR/bin/../lib/gcc/avr/15.2.0/avr6\libgcc.a(_tablejump2.o)

.debug_pubnames
 *(.debug_pubnames)

.debug_info     0x00000000      0xd00
 *(.debug_info .gnu.linkonce.wi.*)
 .debug_info    0x00000000      0xbbc C:/GCC-AVR/bin/../lib/gcc/avr/15.2.0/../../../../avr/lib/avr6/crtatmega2560.o
 .debug_info    0x00000bbc       0x24 C:/GCC-AVR/bin/../lib/gcc/avr/15.2.0/avr6\libgcc.a(_exit.o)
 .debug_info    0x00000be0       0x24 C:/GCC-AVR/bin/../lib/gcc/avr/15.2.0/avr6\libgcc.a(_umulhisi3.o)
 .debug_info    0x00000c04       0x24 C:/GCC-AVR/bin/../lib/gcc/avr/15.2.0/avr6\libgcc.a(_udivmodhi4.o)
 .debug_info    0x00000c28       0x24 C:/GCC-AVR/bin/../lib/gcc/avr/15.2.0/avr6\libgcc.a(_udivmodsi4.o)
 .debug_info    0x00000c4c       0x24 C:/GCC-AVR/bin/../lib/gcc/avr/15.2.0/avr6\libgcc.a(_copy_data.o)
 .debug_info    0x00000c70       0x24 C:/GCC-AVR/bin/../lib/gcc/avr/15.2.0/avr6\libgcc.a(_clear_bss.o)
 .debug_info    0x00000c94       0x24 C:/GCC-AVR/bin/../lib/gcc/avr/15.2.0/avr6\libgcc.a(_ctors.o)
 .debug_info    0x00000cb8       0x24 C:/GCC-AVR/bin/../lib/gcc/avr/15.2.0/avr6\libgcc.a(_muluhisi3.o)
 .debug_info    0x00000cdc       0x24 C:/GCC-AVR/bin/../lib/gcc/avr/15.2.0/avr6\libgcc.a(_tablejump2.o)

.debug_abbrev   0x00000000      0xbce
 *(.debug_abbrev)
 .debug_abbrev  0x00000000      0xb1a C:/GCC-AVR/bin/../lib/gcc/avr/15.2.0/../../../../avr/lib/avr6/crtatmega2560.o
 .debug_abbrev  0x00000b1a       0x14 C:/GCC-AVR/bin/../lib/gcc/avr/15.2.0/avr6\libgcc.a(_exit.o)
 .debug_abbrev  0x00000b2e       0x14 C:/GCC-AVR/bin/../lib/gcc/avr/15.2.0/avr6\libgcc.a(_umulhisi3.o)
 .debug_abbrev  0x00000b42       0x14 C:/GCC-AVR/bin/../lib/gcc/avr/15.2.0/avr6\libgcc.a(_udivmodhi4.o)
 .debug_abbrev  0x00000b56       0x14 C:/GCC-AVR/bin/../lib/gcc/avr/15.2.0/avr6\libgcc.a(_udivmodsi4.o)
 .debug_abbrev  0x00000b6a       0x14 C:/GCC-AVR/bin/../lib/gcc/avr/15.2.0/avr6\libgcc.a(_copy_data.o)
 .debug_abbrev  0x00000b7e       0x14 C:/GCC-AVR/bin/../lib/gcc/avr/15.2.0/avr6\libgcc.a(_clear_bss.o)
 .debug_abbrev  0x00000b92       0x14 C:/GCC-AVR/bin/../lib/gcc/avr/15.2.0/avr6\libgcc.a(_ctors.o)
 .debug_abbrev  0x00000ba6       0x14 C:/GCC-AVR/bin/../lib/gcc/avr/15.2.0/avr6\libgcc.a(_muluhisi3.o)
 .debug_abbrev  0x00000bba       0x14 C:/GCC-AVR/bin/../lib/gcc/avr/15.2.0/avr6\libgcc.a(_tablejump2.o)

.debug_line     0x00000000      0x578
 *(.debug_line .debug_line.* .debug_line_end)
 .debug_line    0x00000000       0x1d C:/GCC-AVR/bin/../lib/gcc/avr/15.2.0/../../../../avr/lib/avr6/crtatmega2560.o
 .debug_line    0x0000001d       0x51 C:/GCC-AVR/bin/../lib/gcc/avr/15.2.0/avr6\libgcc.a(_exit.o)
 .debug_line    0x0000006e       0x9f C:/GCC-AVR/bin/../lib/gcc/avr/15.2.0/avr6\libgcc.a(_umulhisi3.o)
 .debug_line    0x0000010d       0xbd C:/GCC-AVR/bin/../lib/gcc/avr/15.2.0/avr6\libgcc.a(_udivmodhi4.o)
 .debug_line    0x000001ca      0x111 C:/GCC-AVR/bin/../lib/gcc/avr/15.2.0/avr6\libgcc.a(_udivmodsi4.o)
 .debug_line    0x000002db       0x93 C:/GCC-AVR/bin/../lib/gcc/avr/15.2.0/avr6\libgcc.a(_copy_data.o)
 .debug_line    0x0000036e       0x75 C:/GCC-AVR/bin/../lib/gcc/avr/15.2.0/avr6\libgcc.a(_clear_bss.o)
 .debug_line    0x000003e3       0x9f C:/GCC-AVR/bin/../lib/gcc/avr/15.2.0/avr6\libgcc.a(_ctors.o)
 .debug_line    0x00000482       0x81 C:/GCC-AVR/bin/../lib/gcc/avr/15.2.0/avr6\libgcc.a(_muluhisi3.o)
 .debug_line    0x00000503       0x75 C:/GCC-AVR/bin/../lib/gcc/avr/15.2.0/avr6\libgcc.a(_tablejump2.o)

.debug_frame
 *(.debug_frame)

.debug_str      0x00000000      0x44e
 *(.debug_str)
 .debug_str     0x00000000      0x3e6 C:/GCC-AVR/bin/../lib/gcc/avr/15.2.0/../../../../avr/lib/avr6/crtatmega2560.o
 .debug_str     0x000003e6       0x68 C:/GCC-AVR/bin/../lib/gcc/avr/15.2.0/avr6\libgcc.a(_exit.o)
 .debug_str     0x0000044e        0x0 C:/GCC-AVR/bin/../lib/gcc/avr/15.2.0/avr6\libgcc.a(_umulhisi3.o)
                                 0x68 (size before relaxing)
 .debug_str     0x0000044e        0x0 C:/GCC-AVR/bin/../lib/gcc/avr/15.2.0/avr6\libgcc.a(_udivmodhi4.o)
                                 0x68 (size before relaxing)
 .debug_str     0x0000044e        0x0 C:/GCC-AVR/bin/../lib/gcc/avr/15.2.0/avr6\libgcc.a(_udivmodsi4.o)
                                 0x68 (size before relaxing)
 .debug_str     0x0000044e        0x0 C:/GCC-AVR/bin/../lib/gcc/avr/15.2.0/avr6\libgcc.a(_copy_data.o)
                                 0x68 (size before relaxing)
 .debug_str     0x0000044e        0x0 C:/GCC-AVR/bin/../lib/gcc/avr/15.2.0/avr6\libgcc.a(_clear_bss.o)
                                 0x68 (size before relaxing)
 .debug_str     0x0000044e        0x0 C:/GCC-AVR/bin/../lib/gcc/avr/15.2.0/avr6\libgcc.a(_ctors.o)
                                 0x68 (size before relaxing)
 .debug_str     0x0000044e        0x0 C:/GCC-AVR/bin/../lib/gcc/avr/15.2.0/avr6\libgcc.a(_muluhisi3.o)
                                 0x68 (size before relaxing)
 .debug_str     0x0000044e        0x0 C:/GCC-AVR/bin/../lib/gcc/avr/15.2.0/avr6\libgcc.a(_tablejump2.o)
                                 0x68 (size before relaxing)

.debug_loc
 *(.debug_loc)

.debug_macinfo
 *(.debug_macinfo)

.debug_weaknames
 *(.debug_weaknames)

.debug_funcnames
 *(.debug_funcnames)

.debug_typenames
 *(.debug_typenames)

.debug_varnames
 *(.debug_varnames)

.debug_pubtypes
 *(.debug_pubtypes)

.debug_ranges
 *(.debug_ranges)

.debug_addr
 *(.debug_addr)

.debug_line_str
                0x00000000       0x5c
 *(.debug_line_str)
 .debug_line_str
                0x00000000       0x5c C:/GCC-AVR/bin/../lib/gcc/avr/15.2.0/avr6\libgcc.a(_exit.o)
 .debug_line_str
                0x0000005c        0x0 C:/GCC-AVR/bin/../lib/gcc/avr/15.2.0/avr6\libgcc.a(_umulhisi3.o)
                                 0x5c (size before relaxing)
 .debug_line_str
                0x0000005c        0x0 C:/GCC-AVR/bin/../lib/gcc/avr/15.2.0/avr6\libgcc.a(_udivmodhi4.o)
                                 0x5c (size before relaxing)
 .debug_line_str
                0x0000005c        0x0 C:/GCC-AVR/bin/../lib/gcc/avr/15.2.0/avr6\libgcc.a(_udivmodsi4.o)
                                 0x5c (size before relaxing)
 .debug_line_str
                0x0000005c        0x0 C:/GCC-AVR/bin/../lib/gcc/avr/15.2.0/avr6\libgcc.a(_copy_data.o)
                                 0x5c (size before relaxing)
 .debug_line_str
                0x0000005c        0x0 C:/GCC-AVR/bin/../lib/gcc/avr/15.2.0/avr6\libgcc.a(_clear_bss.o)
                                 0x5c (size before relaxing)
 .debug_line_str
                0x0000005c        0x0 C:/GCC-AVR/bin/../lib/gcc/avr/15.2.0/avr6\libgcc.a(_ctors.o)
                                 0x5c (size before relaxing)
 .debug_line_str
                0x0000005c        0x0 C:/GCC-AVR/bin/../lib/gcc/avr/15.2.0/avr6\libgcc.a(_muluhisi3.o)
                                 0x5c (size before relaxing)
 .debug_line_str
                0x0000005c        0x0 C:/GCC-AVR/bin/../lib/gcc/avr/15.2.0/avr6\libgcc.a(_tablejump2.o)
                                 0x5c (size before relaxing)

.debug_loclists
 *(.debug_loclists)

.debug_macro
 *(.debug_macro)

.debug_names
 *(.debug_names)

.debug_rnglists
 *(.debug_rnglists)

.debug_str_offsets
 *(.debug_str_offsets)

.debug_sup
 *(.debug_sup)
OUTPUT(build/Launcher.elf elf32-avr)
LOAD linker stubs
