Archive member included to satisfy reference by file (symbol)

C:/GCC-AVR/bin/../lib/gcc/avr/15.2.0/avr6\libgcc.a(_exit.o)
                              C:/GCC-AVR/bin/../lib/gcc/avr/15.2.0/../../../../avr/lib/avr6/crtatmega2560.o (exit)
C:/GCC-AVR/bin/../lib/gcc/avr/15.2.0/avr6\libgcc.a(_umulhisi3.o)
                              C:\Users\mkhit\AppData\Local\Temp\ccZv1Qxv.ltrans0.ltrans.o (__umulhisi3)
C:/GCC-AVR/bin/../lib/gcc/avr/15.2.0/avr6\libgcc.a(_udivmodsi4.o)
                              C:\Users\mkhit\AppData\Local\Temp\ccZv1Qxv.ltrans0.ltrans.o (__udivmodsi4)
C:/GCC-AVR/bin/../lib/gcc/avr/15.2.0/avr6\libgcc.a(_copy_data.o)
                              C:\Users\mkhit\AppData\Local\Temp\ccZv1Qxv.ltrans0.ltrans.o (__do_copy_data)
C:/GCC-AVR/bin/../lib/gcc/avr/15.2.0/avr6\libgcc.a(_clear_bss.o)
                              C:\Users\mkhit\AppData\Local\Temp\ccZv1Qxv.ltrans0.ltrans.o (__do_clear_bss)
C:/GCC-AVR/bin/../lib/gcc/avr/15.2.0/avr6\libgcc.a(_muluhisi3.o)
                              C:\Users\mkhit\AppData\Local\Temp\ccZv1Qxv.ltrans0.ltrans.o (__muluhisi3)
C:/GCC-AVR/bin/../lib/gcc/avr/15.2.0/../../../../avr/lib/avr6\libc.a(memcmp.o)
                              C:\Users\mkhit\AppData\Local\Temp\ccZv1Qxv.ltrans0.ltrans.o (memcmp)
C:/GCC-AVR/bin/../lib/gcc/avr/15.2.0/../../../../avr/lib/avr6\libc.a(memset.o)
                              C:\Users\mkhit\AppData\Local\Temp\ccZv1Qxv.ltrans0.ltrans.o (memset)
C:/GCC-AVR/bin/../lib/gcc/avr/15.2.0/../../../../avr/lib/avr6\libc.a(strcpy.o)
                              C:\Users\mkhit\AppData\Local\Temp\ccZv1Qxv.ltrans0.ltrans.o (strcpy)
C:/GCC-AVR/bin/../lib/gcc/avr/15.2.0/../../../../avr/lib/avr6\libc.a(strncpy.o)
                              C:\Users\mkhit\AppData\Local\Temp\ccZv1Qxv.ltrans0.ltrans.o (strncpy)
C:/GCC-AVR/bin/../lib/gcc/avr/15.2.0/../../../../avr/lib/avr6\libc.a(strstr.o)
                              C:\Users\mkhit\AppData\Local\Temp\ccZv1Qxv.ltrans0.ltrans.o (strstr)

There are no discarded input sections

Memory Configuration

Name             Origin             Length             Attributes
text             0x00000000         0x00040000         xr
data             0x00800200         0x00002000         rw!x
eeprom           0x00810000         0x00001000         rw!x
fuse             0x00820000         0x00000003         rw!x
lock             0x00830000         0x00000400         rw!x
signature        0x00840000         0x00000400         rw!x
user_signatures  0x00850000         0x00000400         rw!x
*default*        0x00000000         0xffffffff

Linker script and memory map

Address of section .data set to 0x800200
LOAD C:/GCC-AVR/bin/../lib/gcc/avr/15.2.0/../../../../avr/lib/avr6/crtatmega2560.o
Address of section .text set to 0x3e000
LOAD build/bootloader.o
LOAD C:\Users\mkhit\AppData\Local\Temp\ccZv1Qxv.ltrans0.ltrans.o
LOAD build/pff.o
LOAD build/diskio.o
LOAD build/usart.o
LOAD build/spi.o
LOAD build/asmfunc.o
START GROUP
LOAD C:/GCC-AVR/bin/../lib/gcc/avr/15.2.0/avr6\libgcc.a
LOAD C:/GCC-AVR/bin/../lib/gcc/avr/15.2.0/../../../../avr/lib/avr6\libm.a
LOAD C:/GCC-AVR/bin/../lib/gcc/avr/15.2.0/../../../../avr/lib/avr6\libc.a
LOAD C:/GCC-AVR/bin/../lib/gcc/avr/15.2.0/../../../../avr/lib/avr6\libatmega2560.a
END GROUP
                [0x00000000]                      __TEXT_REGION_ORIGIN__ = DEFINED (__TEXT_REGION_ORIGIN__)?__TEXT_REGION_ORIGIN__:0x0
                [0x00040000]                      __TEXT_REGION_LENGTH__ = DEFINED (__TEXT_REGION_LENGTH__)?__TEXT_REGION_LENGTH__:0x100000
                [0x00800200]                      __DATA_REGION_ORIGIN__ = DEFINED (__DATA_REGION_ORIGIN__)?__DATA_REGION_ORIGIN__:0x800200
                [0x00002000]                      __DATA_REGION_LENGTH__ = DEFINED (__DATA_REGION_LENGTH__)?__DATA_REGION_LENGTH__:0xfe00
                [0x00001000]                      __EEPROM_REGION_LENGTH__ = DEFINED (__EEPROM_REGION_LENGTH__)?__EEPROM_REGION_LENGTH__:0x10000
                [0x00000003]                      __FUSE_REGION_LENGTH__ = DEFINED (__FUSE_REGION_LENGTH__)?__FUSE_REGION_LENGTH__:0x400
                0x00000400                        __LOCK_REGION_LENGTH__ = DEFINED (__LOCK_REGION_LENGTH__)?__LOCK_REGION_LENGTH__:0x400
                0x00000400                        __SIGNATURE_REGION_LENGTH__ = DEFINED (__SIGNATURE_REGION_LENGTH__)?__SIGNATURE_REGION_LENGTH__:0x400
                0x00000400                        __USER_SIGNATURE_REGION_LENGTH__ = DEFINED (__USER_SIGNATURE_REGION_LENGTH__)?__USER_SIGNATURE_REGION_LENGTH__:0x400

.hash
 *(.hash)

.dynsym
 *(.dynsym)

.dynstr
 *(.dynstr)

.gnu.version
 *(.gnu.version)

.gnu.version_d
 *(.gnu.version_d)

.gnu.version_r
 *(.gnu.version_r)

.rel.init
 *(.rel.init)

.rela.init
 *(.rela.init)

.rel.text
 *(.rel.text)
 *(.rel.text.*)
 *(.rel.gnu.linkonce.t*)

.rela.text
 *(.rela.text)
 *(.rela.text.*)
 *(.rela.gnu.linkonce.t*)

.rel.fini
 *(.rel.fini)

.rela.fini
 *(.rela.fini)

.rel.rodata
 *(.rel.rodata)
 *(.rel.rodata.*)
 *(.rel.gnu.linkonce.r*)

.rela.rodata
 *(.rela.rodata)
 *(.rela.rodata.*)
 *(.rela.gnu.linkonce.r*)

.rel.data
 *(.rel.data)
 *(.rel.data.*)
 *(.rel.gnu.linkonce.d*)

.rela.data
 *(.rela.data)
 *(.rela.data.*)
 *(.rela.gnu.linkonce.d*)

.rel.ctors
 *(.rel.ctors)

.rela.ctors
 *(.rela.ctors)

.rel.dtors
 *(.rel.dtors)

.rela.dtors
 *(.rela.dtors)

.rel.got
 *(.rel.got)

.rela.got
 *(.rela.got)

.rel.bss
 *(.rel.bss)

.rela.bss
 *(.rela.bss)

.rel.plt
 *(.rel.plt)

.rela.plt
 *(.rela.plt)

.text           0x0003e000      0xf9c
 *(.vectors)
 .vectors       0x0003e000       0xe4 C:/GCC-AVR/bin/../lib/gcc/avr/15.2.0/../../../../avr/lib/avr6/crtatmega2560.o
                0x0003e000                __vector_default
                0x0003e000                __vectors
 *(.vectors)
                0x0003e0e4                        __progmem_start = .
 *(.progmem)
 *(.progmem.*)
                0x0003e0e4                        __progmem_end = .
                0x00000001                        ASSERT (((__progmem_start == __progmem_end) || (__progmem_end <= 0x10000)), .progmem section exceeds 0x10000)
                0x0003e0e4                        . = ALIGN (0x2)
                0x0003e0e4                        __trampolines_start = .
 *(.trampolines)
 .trampolines   0x0003e0e4        0x0 linker stubs
 *(.trampolines*)
                0x0003e0e4                        __trampolines_end = .
                0x0003e0e4                        . = ALIGN (0x2)
 *(.lowtext)
 *(.lowtext*)
                0x0003e0e4                        __ctors_start = .
 *(.ctors)
                0x0003e0e4                        __ctors_end = .
                0x0003e0e4                        __dtors_start = .
 *(.dtors)
                0x0003e0e4                        __dtors_end = .
 SORT_BY_NAME(*)(.ctors)
 SORT_BY_NAME(*)(.dtors)
 *(.init0)
 .init0         0x0003e0e4        0x0 C:/GCC-AVR/bin/../lib/gcc/avr/15.2.0/../../../../avr/lib/avr6/crtatmega2560.o
                0x0003e0e4                __init
 *(.init0)
 *(.init1)
 *(.init1)
 *(.init2)
 .init2         0x0003e0e4       0x10 C:/GCC-AVR/bin/../lib/gcc/avr/15.2.0/../../../../avr/lib/avr6/crtatmega2560.o
 *(.init2)
 *(.init3)
 *(.init3)
 *(.init4)
 .init4         0x0003e0f4       0x1a C:/GCC-AVR/bin/../lib/gcc/avr/15.2.0/avr6\libgcc.a(_copy_data.o)
                0x0003e0f4                __do_copy_data
 .init4         0x0003e10e       0x10 C:/GCC-AVR/bin/../lib/gcc/avr/15.2.0/avr6\libgcc.a(_clear_bss.o)
                0x0003e10e                __do_clear_bss
 *(.init4)
 *(.init5)
 *(.init5)
 *(.init6)
 *(.init6)
 *(.init7)
 *(.init7)
 *(.init8)
 *(.init8)
 *(.init9)
 .init9         0x0003e11e        0x8 C:/GCC-AVR/bin/../lib/gcc/avr/15.2.0/../../../../avr/lib/avr6/crtatmega2560.o
 *(.init9)
 *(.text)
 .text          0x0003e126        0x4 C:/GCC-AVR/bin/../lib/gcc/avr/15.2.0/../../../../avr/lib/avr6/crtatmega2560.o
                0x0003e126                __vector_38
                0x0003e126                __vector_22
                0x0003e126                __vector_28
                0x0003e126                __vector_1
                0x0003e126                __vector_32
                0x0003e126                __vector_34
                0x0003e126                __vector_24
                0x0003e126                __vector_12
                0x0003e126                __vector_55
                0x0003e126                __vector_46
                0x0003e126                __bad_interrupt
                0x0003e126                __vector_6
                0x0003e126                __vector_31
                0x0003e126                __vector_35
                0x0003e126                __vector_39
                0x0003e126                __vector_3
                0x0003e126                __vector_23
                0x0003e126                __vector_30
                0x0003e126                __vector_45
                0x0003e126                __vector_25
                0x0003e126                __vector_11
                0x0003e126                __vector_54
                0x0003e126                __vector_13
                0x0003e126                __vector_17
                0x0003e126                __vector_19
                0x0003e126                __vector_56
                0x0003e126                __vector_7
                0x0003e126                __vector_49
                0x0003e126                __vector_41
                0x0003e126                __vector_43
                0x0003e126                __vector_27
                0x0003e126                __vector_5
                0x0003e126                __vector_33
                0x0003e126                __vector_47
                0x0003e126                __vector_52
                0x0003e126                __vector_37
                0x0003e126                __vector_4
                0x0003e126                __vector_44
                0x0003e126                __vector_51
                0x0003e126                __vector_9
                0x0003e126                __vector_2
                0x0003e126                __vector_21
                0x0003e126                __vector_15
                0x0003e126                __vector_36
                0x0003e126                __vector_29
                0x0003e126                __vector_40
                0x0003e126                __vector_8
                0x0003e126                __vector_26
                0x0003e126                __vector_48
                0x0003e126                __vector_14
                0x0003e126                __vector_53
                0x0003e126                __vector_10
                0x0003e126                __vector_50
                0x0003e126                __vector_16
                0x0003e126                __vector_18
                0x0003e126                __vector_20
                0x0003e126                __vector_42
 .text          0x0003e12a        0x0 C:\Users\mkhit\AppData\Local\Temp\ccZv1Qxv.ltrans0.ltrans.o
 .text          0x0003e12a       0x36 build/asmfunc.o
                0x0003e12a                select
                0x0003e130                deselect
                0x0003e132                rcv_spi
                0x0003e134                xmit_spi
                0x0003e150                start_application_at
 .text          0x0003e160        0x0 C:/GCC-AVR/bin/../lib/gcc/avr/15.2.0/avr6\libgcc.a(_exit.o)
 .text          0x0003e160        0x0 C:/GCC-AVR/bin/../lib/gcc/avr/15.2.0/avr6\libgcc.a(_umulhisi3.o)
 .text          0x0003e160        0x0 C:/GCC-AVR/bin/../lib/gcc/avr/15.2.0/avr6\libgcc.a(_udivmodsi4.o)
 .text          0x0003e160        0x0 C:/GCC-AVR/bin/../lib/gcc/avr/15.2.0/avr6\libgcc.a(_copy_data.o)
 .text          0x0003e160        0x0 C:/GCC-AVR/bin/../lib/gcc/avr/15.2.0/avr6\libgcc.a(_clear_bss.o)
 .text          0x0003e160        0x0 C:/GCC-AVR/bin/../lib/gcc/avr/15.2.0/avr6\libgcc.a(_muluhisi3.o)
 .text          0x0003e160        0x0 C:/GCC-AVR/bin/../lib/gcc/avr/15.2.0/../../../../avr/lib/avr6\libc.a(memcmp.o)
 .text          0x0003e160        0x0 C:/GCC-AVR/bin/../lib/gcc/avr/15.2.0/../../../../avr/lib/avr6\libc.a(memset.o)
 .text          0x0003e160        0x0 C:/GCC-AVR/bin/../lib/gcc/avr/15.2.0/../../../../avr/lib/avr6\libc.a(strcpy.o)
 .text          0x0003e160        0x0 C:/GCC-AVR/bin/../lib/gcc/avr/15.2.0/../../../../avr/lib/avr6\libc.a(strncpy.o)
 .text          0x0003e160        0x0 C:/GCC-AVR/bin/../lib/gcc/avr/15.2.0/../../../../avr/lib/avr6\libc.a(strstr.o)
                0x0003e160                        . = ALIGN (0x2)
 *(.text.*)
 .text.clust2sect
                0x0003e160       0x3a C:\Users\mkhit\AppData\Local\Temp\ccZv1Qxv.ltrans0.ltrans.o
 .text.transmitByte
                0x0003e19a        0xe C:\Users\mkhit\AppData\Local\Temp\ccZv1Qxv.ltrans0.ltrans.o
 .text.printString
                0x0003e1a8       0x38 C:\Users\mkhit\AppData\Local\Temp\ccZv1Qxv.ltrans0.ltrans.o
 .text.n_times_blink_led
                0x0003e1e0       0x32 C:\Users\mkhit\AppData\Local\Temp\ccZv1Qxv.ltrans0.ltrans.o
 .text.send_cmd
                0x0003e212       0x8c C:\Users\mkhit\AppData\Local\Temp\ccZv1Qxv.ltrans0.ltrans.o
 .text.disk_initialize
                0x0003e29e      0x172 C:\Users\mkhit\AppData\Local\Temp\ccZv1Qxv.ltrans0.ltrans.o
 .text.disk_readp
                0x0003e410       0xac C:\Users\mkhit\AppData\Local\Temp\ccZv1Qxv.ltrans0.ltrans.o
 .text.get_fat  0x0003e4bc       0x76 C:\Users\mkhit\AppData\Local\Temp\ccZv1Qxv.ltrans0.ltrans.o
 .text.pf_lseek.constprop.0
                0x0003e532       0x2c C:\Users\mkhit\AppData\Local\Temp\ccZv1Qxv.ltrans0.ltrans.o
 .text.check_fs
                0x0003e55e       0x6e C:\Users\mkhit\AppData\Local\Temp\ccZv1Qxv.ltrans0.ltrans.o
 .text.pf_mount
                0x0003e5cc      0x21c C:\Users\mkhit\AppData\Local\Temp\ccZv1Qxv.ltrans0.ltrans.o
 .text.pf_read  0x0003e7e8      0x166 C:\Users\mkhit\AppData\Local\Temp\ccZv1Qxv.ltrans0.ltrans.o
 .text.startup.main
                0x0003e94e      0x54a C:\Users\mkhit\AppData\Local\Temp\ccZv1Qxv.ltrans0.ltrans.o
                0x0003e94e                main
 .text.libgcc.mul
                0x0003ee98        0x0 C:/GCC-AVR/bin/../lib/gcc/avr/15.2.0/avr6\libgcc.a(_exit.o)
 .text.libgcc.div
                0x0003ee98        0x0 C:/GCC-AVR/bin/../lib/gcc/avr/15.2.0/avr6\libgcc.a(_exit.o)
 .text.libgcc   0x0003ee98        0x0 C:/GCC-AVR/bin/../lib/gcc/avr/15.2.0/avr6\libgcc.a(_exit.o)
 .text.libgcc.prologue
                0x0003ee98        0x0 C:/GCC-AVR/bin/../lib/gcc/avr/15.2.0/avr6\libgcc.a(_exit.o)
 .text.libgcc.builtins
                0x0003ee98        0x0 C:/GCC-AVR/bin/../lib/gcc/avr/15.2.0/avr6\libgcc.a(_exit.o)
 .text.libgcc.fmul
                0x0003ee98        0x0 C:/GCC-AVR/bin/../lib/gcc/avr/15.2.0/avr6\libgcc.a(_exit.o)
 .text.libgcc.fixed
                0x0003ee98        0x0 C:/GCC-AVR/bin/../lib/gcc/avr/15.2.0/avr6\libgcc.a(_exit.o)
 .text.libgcc.mul
                0x0003ee98       0x1e C:/GCC-AVR/bin/../lib/gcc/avr/15.2.0/avr6\libgcc.a(_umulhisi3.o)
                0x0003ee98                __umulhisi3
 .text.libgcc.div
                0x0003eeb6        0x0 C:/GCC-AVR/bin/../lib/gcc/avr/15.2.0/avr6\libgcc.a(_umulhisi3.o)
 .text.libgcc   0x0003eeb6        0x0 C:/GCC-AVR/bin/../lib/gcc/avr/15.2.0/avr6\libgcc.a(_umulhisi3.o)
 .text.libgcc.prologue
                0x0003eeb6        0x0 C:/GCC-AVR/bin/../lib/gcc/avr/15.2.0/avr6\libgcc.a(_umulhisi3.o)
 .text.libgcc.builtins
                0x0003eeb6        0x0 C:/GCC-AVR/bin/../lib/gcc/avr/15.2.0/avr6\libgcc.a(_umulhisi3.o)
 .text.libgcc.fmul
                0x0003eeb6        0x0 C:/GCC-AVR/bin/../lib/gcc/avr/15.2.0/avr6\libgcc.a(_umulhisi3.o)
 .text.libgcc.fixed
                0x0003eeb6        0x0 C:/GCC-AVR/bin/../lib/gcc/avr/15.2.0/avr6\libgcc.a(_umulhisi3.o)
 .text.libgcc.mul
                0x0003eeb6        0x0 C:/GCC-AVR/bin/../lib/gcc/avr/15.2.0/avr6\libgcc.a(_udivmodsi4.o)
 .text.libgcc.div
                0x0003eeb6       0x44 C:/GCC-AVR/bin/../lib/gcc/avr/15.2.0/avr6\libgcc.a(_udivmodsi4.o)
                0x0003eeb6                __udivmodsi4
 .text.libgcc   0x0003eefa        0x0 C:/GCC-AVR/bin/../lib/gcc/avr/15.2.0/avr6\libgcc.a(_udivmodsi4.o)
 .text.libgcc.prologue
                0x0003eefa        0x0 C:/GCC-AVR/bin/../lib/gcc/avr/15.2.0/avr6\libgcc.a(_udivmodsi4.o)
 .text.libgcc.builtins
                0x0003eefa        0x0 C:/GCC-AVR/bin/../lib/gcc/avr/15.2.0/avr6\libgcc.a(_udivmodsi4.o)
 .text.libgcc.fmul
                0x0003eefa        0x0 C:/GCC-AVR/bin/../lib/gcc/avr/15.2.0/avr6\libgcc.a(_udivmodsi4.o)
 .text.libgcc.fixed
                0x0003eefa        0x0 C:/GCC-AVR/bin/../lib/gcc/avr/15.2.0/avr6\libgcc.a(_udivmodsi4.o)
 .text.libgcc.mul
                0x0003eefa        0x0 C:/GCC-AVR/bin/../lib/gcc/avr/15.2.0/avr6\libgcc.a(_copy_data.o)
 .text.libgcc.div
                0x0003eefa        0x0 C:/GCC-AVR/bin/../lib/gcc/avr/15.2.0/avr6\libgcc.a(_copy_data.o)
 .text.libgcc   0x0003eefa        0x0 C:/GCC-AVR/bin/../lib/gcc/avr/15.2.0/avr6\libgcc.a(_copy_data.o)
 .text.libgcc.prologue
                0x0003eefa        0x0 C:/GCC-AVR/bin/../lib/gcc/avr/15.2.0/avr6\libgcc.a(_copy_data.o)
 .text.libgcc.builtins
                0x0003eefa        0x0 C:/GCC-AVR/bin/../lib/gcc/avr/15.2.0/avr6\libgcc.a(_copy_data.o)
 .text.libgcc.fmul
                0x0003eefa        0x0 C:/GCC-AVR/bin/../lib/gcc/avr/15.2.0/avr6\libgcc.a(_copy_data.o)
 .text.libgcc.fixed
                0x0003eefa        0x0 C:/GCC-AVR/bin/../lib/gcc/avr/15.2.0/avr6\libgcc.a(_copy_data.o)
 .text.libgcc.mul
                0x0003eefa        0x0 C:/GCC-AVR/bin/../lib/gcc/avr/15.2.0/avr6\libgcc.a(_clear_bss.o)
 .text.libgcc.div
                0x0003eefa        0x0 C:/GCC-AVR/bin/../lib/gcc/avr/15.2.0/avr6\libgcc.a(_clear_bss.o)
 .text.libgcc   0x0003eefa        0x0 C:/GCC-AVR/bin/../lib/gcc/avr/15.2.0/avr6\libgcc.a(_clear_bss.o)
 .text.libgcc.prologue
                0x0003eefa        0x0 C:/GCC-AVR/bin/../lib/gcc/avr/15.2.0/avr6\libgcc.a(_clear_bss.o)
 .text.libgcc.builtins
                0x0003eefa        0x0 C:/GCC-AVR/bin/../lib/gcc/avr/15.2.0/avr6\libgcc.a(_clear_bss.o)
 .text.libgcc.fmul
                0x0003eefa        0x0 C:/GCC-AVR/bin/../lib/gcc/avr/15.2.0/avr6\libgcc.a(_clear_bss.o)
 .text.libgcc.fixed
                0x0003eefa        0x0 C:/GCC-AVR/bin/../lib/gcc/avr/15.2.0/avr6\libgcc.a(_clear_bss.o)
 .text.libgcc.mul
                0x0003eefa       0x16 C:/GCC-AVR/bin/../lib/gcc/avr/15.2.0/avr6\libgcc.a(_muluhisi3.o)
                0x0003eefa                __muluhisi3
 .text.libgcc.div
                0x0003ef10        0x0 C:/GCC-AVR/bin/../lib/gcc/avr/15.2.0/avr6\libgcc.a(_muluhisi3.o)
 .text.libgcc   0x0003ef10        0x0 C:/GCC-AVR/bin/../lib/gcc/avr/15.2.0/avr6\libgcc.a(_muluhisi3.o)
 .text.libgcc.prologue
                0x0003ef10        0x0 C:/GCC-AVR/bin/../lib/gcc/avr/15.2.0/avr6\libgcc.a(_muluhisi3.o)
 .text.libgcc.builtins
                0x0003ef10        0x0 C:/GCC-AVR/bin/../lib/gcc/avr/15.2.0/avr6\libgcc.a(_muluhisi3.o)
 .text.libgcc.fmul
                0x0003ef10        0x0 C:/GCC-AVR/bin/../lib/gcc/avr/15.2.0/avr6\libgcc.a(_muluhisi3.o)
 .text.libgcc.fixed
                0x0003ef10        0x0 C:/GCC-AVR/bin/../lib/gcc/avr/15.2.0/avr6\libgcc.a(_muluhisi3.o)
 .text.avr-libc
                0x0003ef10       0x1a C:/GCC-AVR/bin/../lib/gcc/avr/15.2.0/../../../../avr/lib/avr6\libc.a(memcmp.o)
                0x0003ef10                memcmp
 .text.avr-libc
                0x0003ef2a        0xe C:/GCC-AVR/bin/../lib/gcc/avr/15.2.0/../../../../avr/lib/avr6\libc.a(memset.o)
                0x0003ef2a                memset
 .text.avr-libc
                0x0003ef38        0xe C:/GCC-AVR/bin/../lib/gcc/avr/15.2.0/../../../../avr/lib/avr6\libc.a(strcpy.o)
                0x0003ef38                strcpy
 .text.avr-libc
                0x0003ef46       0x1e C:/GCC-AVR/bin/../lib/gcc/avr/15.2.0/../../../../avr/lib/avr6\libc.a(strncpy.o)
                0x0003ef46                strncpy
 .text.avr-libc
                0x0003ef64       0x34 C:/GCC-AVR/bin/../lib/gcc/avr/15.2.0/../../../../avr/lib/avr6\libc.a(strstr.o)
                0x0003ef64                strstr
                0x0003ef98                        . = ALIGN (0x2)
 *(.fini9)
 .fini9         0x0003ef98        0x0 C:/GCC-AVR/bin/../lib/gcc/avr/15.2.0/avr6\libgcc.a(_exit.o)
                0x0003ef98                _exit
                0x0003ef98                exit
 *(.fini9)
 *(.fini8)
 *(.fini8)
 *(.fini7)
 *(.fini7)
 *(.fini6)
 *(.fini6)
 *(.fini5)
 *(.fini5)
 *(.fini4)
 *(.fini4)
 *(.fini3)
 *(.fini3)
 *(.fini2)
 *(.fini2)
 *(.fini1)
 *(.fini1)
 *(.fini0)
 .fini0         0x0003ef98        0x4 C:/GCC-AVR/bin/../lib/gcc/avr/15.2.0/avr6\libgcc.a(_exit.o)
 *(.fini0)
 *(.hightext)
 *(.hightext*)
 *(.progmemx)
 *(.progmemx.*)
                0x0003ef9c                        . = ALIGN (0x2)
 *(.jumptables)
 *(.jumptables*)
                0x0003ef9c                        _etext = .

.data           0x00800200      0x298 load address 0x0003ef9c
                0x00800200                        PROVIDE (__data_start = .)
 *(.data)
 .data          0x00800200        0x0 C:/GCC-AVR/bin/../lib/gcc/avr/15.2.0/../../../../avr/lib/avr6/crtatmega2560.o
 .data          0x00800200        0x0 C:\Users\mkhit\AppData\Local\Temp\ccZv1Qxv.ltrans0.ltrans.o
 .data          0x00800200        0x0 build/asmfunc.o
 .data          0x00800200        0x0 C:/GCC-AVR/bin/../lib/gcc/avr/15.2.0/avr6\libgcc.a(_exit.o)
 .data          0x00800200        0x0 C:/GCC-AVR/bin/../lib/gcc/avr/15.2.0/avr6\libgcc.a(_umulhisi3.o)
 .data          0x00800200        0x0 C:/GCC-AVR/bin/../lib/gcc/avr/15.2.0/avr6\libgcc.a(_udivmodsi4.o)
 .data          0x00800200        0x0 C:/GCC-AVR/bin/../lib/gcc/avr/15.2.0/avr6\libgcc.a(_copy_data.o)
 .data          0x00800200        0x0 C:/GCC-AVR/bin/../lib/gcc/avr/15.2.0/avr6\libgcc.a(_clear_bss.o)
 .data          0x00800200        0x0 C:/GCC-AVR/bin/../lib/gcc/avr/15.2.0/avr6\libgcc.a(_muluhisi3.o)
 .data          0x00800200        0x0 C:/GCC-AVR/bin/../lib/gcc/avr/15.2.0/../../../../avr/lib/avr6\libc.a(memcmp.o)
 .data          0x00800200        0x0 C:/GCC-AVR/bin/../lib/gcc/avr/15.2.0/../../../../avr/lib/avr6\libc.a(memset.o)
 .data          0x00800200        0x0 C:/GCC-AVR/bin/../lib/gcc/avr/15.2.0/../../../../avr/lib/avr6\libc.a(strcpy.o)
 .data          0x00800200        0x0 C:/GCC-AVR/bin/../lib/gcc/avr/15.2.0/../../../../avr/lib/avr6\libc.a(strncpy.o)
 .data          0x00800200        0x0 C:/GCC-AVR/bin/../lib/gcc/avr/15.2.0/../../../../avr/lib/avr6\libc.a(strstr.o)
 *(.data*)
 .data.Flesh_Buff
                0x00800200      0x100 C:\Users\mkhit\AppData\Local\Temp\ccZv1Qxv.ltrans0.ltrans.o
 *(.gnu.linkonce.d*)
 *(.rodata)
 *(.rodata*)
 .rodata.main.str1.1
                0x00800300      0x17d C:\Users\mkhit\AppData\Local\Temp\ccZv1Qxv.ltrans0.ltrans.o
                                0x185 (size before relaxing)
 .rodata.expected_pattern
                0x0080047d       0x1b C:\Users\mkhit\AppData\Local\Temp\ccZv1Qxv.ltrans0.ltrans.o
 *(.gnu.linkonce.r*)
                0x00800498                        . = ALIGN (0x2)
                0x00800498                        _edata = .
                0x00800498                        PROVIDE (__data_end = .)

.bss            0x00800498       0x27
                0x00800498                        PROVIDE (__bss_start = .)
 *(.bss)
 .bss           0x00800498        0x0 C:/GCC-AVR/bin/../lib/gcc/avr/15.2.0/../../../../avr/lib/avr6/crtatmega2560.o
 .bss           0x00800498        0x0 C:\Users\mkhit\AppData\Local\Temp\ccZv1Qxv.ltrans0.ltrans.o
 .bss           0x00800498        0x0 build/asmfunc.o
 .bss           0x00800498        0x0 C:/GCC-AVR/bin/../lib/gcc/avr/15.2.0/avr6\libgcc.a(_exit.o)
 .bss           0x00800498        0x0 C:/GCC-AVR/bin/../lib/gcc/avr/15.2.0/avr6\libgcc.a(_umulhisi3.o)
 .bss           0x00800498        0x0 C:/GCC-AVR/bin/../lib/gcc/avr/15.2.0/avr6\libgcc.a(_udivmodsi4.o)
 .bss           0x00800498        0x0 C:/GCC-AVR/bin/../lib/gcc/avr/15.2.0/avr6\libgcc.a(_copy_data.o)
 .bss           0x00800498        0x0 C:/GCC-AVR/bin/../lib/gcc/avr/15.2.0/avr6\libgcc.a(_clear_bss.o)
 .bss           0x00800498        0x0 C:/GCC-AVR/bin/../lib/gcc/avr/15.2.0/avr6\libgcc.a(_muluhisi3.o)
 .bss           0x00800498        0x0 C:/GCC-AVR/bin/../lib/gcc/avr/15.2.0/../../../../avr/lib/avr6\libc.a(memcmp.o)
 .bss           0x00800498        0x0 C:/GCC-AVR/bin/../lib/gcc/avr/15.2.0/../../../../avr/lib/avr6\libc.a(memset.o)
 .bss           0x00800498        0x0 C:/GCC-AVR/bin/../lib/gcc/avr/15.2.0/../../../../avr/lib/avr6\libc.a(strcpy.o)
 .bss           0x00800498        0x0 C:/GCC-AVR/bin/../lib/gcc/avr/15.2.0/../../../../avr/lib/avr6\libc.a(strncpy.o)
 .bss           0x00800498        0x0 C:/GCC-AVR/bin/../lib/gcc/avr/15.2.0/../../../../avr/lib/avr6\libc.a(strstr.o)
 *(.bss*)
 .bss.CardType  0x00800498        0x1 C:\Users\mkhit\AppData\Local\Temp\ccZv1Qxv.ltrans0.ltrans.o
 .bss.FatFs     0x00800499        0x2 C:\Users\mkhit\AppData\Local\Temp\ccZv1Qxv.ltrans0.ltrans.o
 .bss.fs        0x0080049b       0x24 C:\Users\mkhit\AppData\Local\Temp\ccZv1Qxv.ltrans0.ltrans.o
 *(COMMON)
                0x008004bf                        PROVIDE (__bss_end = .)
                0x0003ef9c                        __data_load_start = LOADADDR (.data)
                0x0003f234                        __data_load_end = (__data_load_start + SIZEOF (.data))

.noinit         0x008004bf        0x0
                [!provide]                        PROVIDE (__noinit_start = .)
 *(.noinit .noinit.* .gnu.linkonce.n.*)
                [!provide]                        PROVIDE (__noinit_end = .)
                0x008004bf                        _end = .
                [!provide]                        PROVIDE (__heap_start = .)
                0x00000000                        __flmap_init_label = DEFINED (__flmap_noinit_start)?__flmap_noinit_start:0x0
                0x00000000                        __flmap = DEFINED (__flmap)?__flmap:0x0

.eeprom         0x00810000        0x0
 *(.eeprom*)
                0x00810000                        __eeprom_end = .

.fuse
 *(.fuse)
 *(.lfuse)
 *(.hfuse)
 *(.efuse)

.lock
 *(.lock*)

.signature
 *(.signature*)

.stab
 *(.stab)

.stabstr
 *(.stabstr)

.stab.excl
 *(.stab.excl)

.stab.exclstr
 *(.stab.exclstr)

.stab.index
 *(.stab.index)

.stab.indexstr
 *(.stab.indexstr)

.comment        0x00000000       0x12
 *(.comment)
 .comment       0x00000000       0x12 C:\Users\mkhit\AppData\Local\Temp\ccZv1Qxv.ltrans0.ltrans.o
                                 0x13 (size before relaxing)

.note.gnu.avr.deviceinfo
                0x00000000       0x40
 .note.gnu.avr.deviceinfo
                0x00000000       0x40 C:/GCC-AVR/bin/../lib/gcc/avr/15.2.0/../../../../avr/lib/avr6/crtatmega2560.o

.gnu.build.attributes
 *(.gnu.build.attributes .gnu.build.attributes.*)

.note.gnu.build-id
 *(.note.gnu.build-id)

.debug
 *(.debug)

.line
 *(.line)

.debug_srcinfo
 *(.debug_srcinfo)

.debug_sfnames
 *(.debug_sfnames)

.debug_aranges  0x00000000       0xc0
 *(.debug_aranges)
 .debug_aranges
                0x00000000       0x20 C:/GCC-AVR/bin/../lib/gcc/avr/15.2.0/avr6\libgcc.a(_exit.o)
 .debug_aranges
                0x00000020       0x20 C:/GCC-AVR/bin/../lib/gcc/avr/15.2.0/avr6\libgcc.a(_umulhisi3.o)
 .debug_aranges
                0x00000040       0x20 C:/GCC-AVR/bin/../lib/gcc/avr/15.2.0/avr6\libgcc.a(_udivmodsi4.o)
 .debug_aranges
                0x00000060       0x20 C:/GCC-AVR/bin/../lib/gcc/avr/15.2.0/avr6\libgcc.a(_copy_data.o)
 .debug_aranges
                0x00000080       0x20 C:/GCC-AVR/bin/../lib/gcc/avr/15.2.0/avr6\libgcc.a(_clear_bss.o)
 .debug_aranges
                0x000000a0       0x20 C:/GCC-AVR/bin/../lib/gcc/avr/15.2.0/avr6\libgcc.a(_muluhisi3.o)

.debug_pubnames
 *(.debug_pubnames)

.debug_info     0x00000000      0xc94
 *(.debug_info .gnu.linkonce.wi.*)
 .debug_info    0x00000000      0xbbc C:/GCC-AVR/bin/../lib/gcc/avr/15.2.0/../../../../avr/lib/avr6/crtatmega2560.o
 .debug_info    0x00000bbc       0x24 C:/GCC-AVR/bin/../lib/gcc/avr/15.2.0/avr6\libgcc.a(_exit.o)
 .debug_info    0x00000be0       0x24 C:/GCC-AVR/bin/../lib/gcc/avr/15.2.0/avr6\libgcc.a(_umulhisi3.o)
 .debug_info    0x00000c04       0x24 C:/GCC-AVR/bin/../lib/gcc/avr/15.2.0/avr6\libgcc.a(_udivmodsi4.o)
 .debug_info    0x00000c28       0x24 C:/GCC-AVR/bin/../lib/gcc/avr/15.2.0/avr6\libgcc.a(_copy_data.o)
 .debug_info    0x00000c4c       0x24 C:/GCC-AVR/bin/../lib/gcc/avr/15.2.0/avr6\libgcc.a(_clear_bss.o)
 .debug_info    0x00000c70       0x24 C:/GCC-AVR/bin/../lib/gcc/avr/15.2.0/avr6\libgcc.a(_muluhisi3.o)

.debug_abbrev   0x00000000      0xb92
 *(.debug_abbrev)
 .debug_abbrev  0x00000000      0xb1a C:/GCC-AVR/bin/../lib/gcc/avr/15.2.0/../../../../avr/lib/avr6/crtatmega2560.o
 .debug_abbrev  0x00000b1a       0x14 C:/GCC-AVR/bin/../lib/gcc/avr/15.2.0/avr6\libgcc.a(_exit.o)
 .debug_abbrev  0x00000b2e       0x14 C:/GCC-AVR/bin/../lib/gcc/avr/15.2.0/avr6\libgcc.a(_umulhisi3.o)
 .debug_abbrev  0x00000b42       0x14 C:/GCC-AVR/bin/../lib/gcc/avr/15.2.0/avr6\libgcc.a(_udivmodsi4.o)
 .debug_abbrev  0x00000b56       0x14 C:/GCC-AVR/bin/../lib/gcc/avr/15.2.0/avr6\libgcc.a(_copy_data.o)
 .debug_abbrev  0x00000b6a       0x14 C:/GCC-AVR/bin/../lib/gcc/avr/15.2.0/avr6\libgcc.a(_clear_bss.o)
 .debug_abbrev  0x00000b7e       0x14 C:/GCC-AVR/bin/../lib/gcc/avr/15.2.0/avr6\libgcc.a(_muluhisi3.o)

.debug_line     0x00000000      0x3a7
 *(.debug_line .debug_line.* .debug_line_end)
 .debug_line    0x00000000       0x1d C:/GCC-AVR/bin/../lib/gcc/avr/15.2.0/../../../../avr/lib/avr6/crtatmega2560.o
 .debug_line    0x0000001d       0x51 C:/GCC-AVR/bin/../lib/gcc/avr/15.2.0/avr6\libgcc.a(_exit.o)
 .debug_line    0x0000006e       0x9f C:/GCC-AVR/bin/../lib/gcc/avr/15.2.0/avr6\libgcc.a(_umulhisi3.o)
 .debug_line    0x0000010d      0x111 C:/GCC-AVR/bin/../lib/gcc/avr/15.2.0/avr6\libgcc.a(_udivmodsi4.o)
 .debug_line    0x0000021e       0x93 C:/GCC-AVR/bin/../lib/gcc/avr/15.2.0/avr6\libgcc.a(_copy_data.o)
 .debug_line    0x000002b1       0x75 C:/GCC-AVR/bin/../lib/gcc/avr/15.2.0/avr6\libgcc.a(_clear_bss.o)
 .debug_line    0x00000326       0x81 C:/GCC-AVR/bin/../lib/gcc/avr/15.2.0/avr6\libgcc.a(_muluhisi3.o)

.debug_frame
 *(.debug_frame)

.debug_str      0x00000000      0x44e
 *(.debug_str)
 .debug_str     0x00000000      0x3e6 C:/GCC-AVR/bin/../lib/gcc/avr/15.2.0/../../../../avr/lib/avr6/crtatmega2560.o
 .debug_str     0x000003e6       0x68 C:/GCC-AVR/bin/../lib/gcc/avr/15.2.0/avr6\libgcc.a(_exit.o)
 .debug_str     0x0000044e        0x0 C:/GCC-AVR/bin/../lib/gcc/avr/15.2.0/avr6\libgcc.a(_umulhisi3.o)
                                 0x68 (size before relaxing)
 .debug_str     0x0000044e        0x0 C:/GCC-AVR/bin/../lib/gcc/avr/15.2.0/avr6\libgcc.a(_udivmodsi4.o)
                                 0x68 (size before relaxing)
 .debug_str     0x0000044e        0x0 C:/GCC-AVR/bin/../lib/gcc/avr/15.2.0/avr6\libgcc.a(_copy_data.o)
                                 0x68 (size before relaxing)
 .debug_str     0x0000044e        0x0 C:/GCC-AVR/bin/../lib/gcc/avr/15.2.0/avr6\libgcc.a(_clear_bss.o)
                                 0x68 (size before relaxing)
 .debug_str     0x0000044e        0x0 C:/GCC-AVR/bin/../lib/gcc/avr/15.2.0/avr6\libgcc.a(_muluhisi3.o)
                                 0x68 (size before relaxing)

.debug_loc
 *(.debug_loc)

.debug_macinfo
 *(.debug_macinfo)

.debug_weaknames
 *(.debug_weaknames)

.debug_funcnames
 *(.debug_funcnames)

.debug_typenames
 *(.debug_typenames)

.debug_varnames
 *(.debug_varnames)

.debug_pubtypes
 *(.debug_pubtypes)

.debug_ranges
 *(.debug_ranges)

.debug_addr
 *(.debug_addr)

.debug_line_str
                0x00000000       0x5c
 *(.debug_line_str)
 .debug_line_str
                0x00000000       0x5c C:/GCC-AVR/bin/../lib/gcc/avr/15.2.0/avr6\libgcc.a(_exit.o)
 .debug_line_str
                0x0000005c        0x0 C:/GCC-AVR/bin/../lib/gcc/avr/15.2.0/avr6\libgcc.a(_umulhisi3.o)
                                 0x5c (size before relaxing)
 .debug_line_str
                0x0000005c        0x0 C:/GCC-AVR/bin/../lib/gcc/avr/15.2.0/avr6\libgcc.a(_udivmodsi4.o)
                                 0x5c (size before relaxing)
 .debug_line_str
                0x0000005c        0x0 C:/GCC-AVR/bin/../lib/gcc/avr/15.2.0/avr6\libgcc.a(_copy_data.o)
                                 0x5c (size before relaxing)
 .debug_line_str
                0x0000005c        0x0 C:/GCC-AVR/bin/../lib/gcc/avr/15.2.0/avr6\libgcc.a(_clear_bss.o)
                                 0x5c (size before relaxing)
 .debug_line_str
                0x0000005c        0x0 C:/GCC-AVR/bin/../lib/gcc/avr/15.2.0/avr6\libgcc.a(_muluhisi3.o)
                                 0x5c (size before relaxing)

.debug_loclists
 *(.debug_loclists)

.debug_macro
 *(.debug_macro)

.debug_names
 *(.debug_names)

.debug_rnglists
 *(.debug_rnglists)

.debug_str_offsets
 *(.debug_str_offsets)

.debug_sup
 *(.debug_sup)
OUTPUT(build/main_boot.elf elf32-avr)
LOAD linker stubs
