Archive member included to satisfy reference by file (symbol)

C:/GCC-AVR/bin/../lib/gcc/avr/15.2.0/avr6\libgcc.a(_udivmodqi4.o)
                              build/usart.o (__udivmodqi4)
C:/GCC-AVR/bin/../lib/gcc/avr/15.2.0/avr6\libgcc.a(_udivmodhi4.o)
                              build/usart.o (__udivmodhi4)
C:/GCC-AVR/bin/../lib/gcc/avr/15.2.0/avr6\libgcc.a(_exit.o)
                              C:/GCC-AVR/bin/../lib/gcc/avr/15.2.0/../../../../avr/lib/avr6/crtatmega2560.o (exit)
C:/GCC-AVR/bin/../lib/gcc/avr/15.2.0/avr6\libgcc.a(_copy_data.o)
                              build/led.o (__do_copy_data)
C:/GCC-AVR/bin/../lib/gcc/avr/15.2.0/../../../../avr/lib/avr6\libc.a(strcmp.o)
                              build/led.o (strcmp)

Discarded input sections

 .data          0x00000000        0x0 C:/GCC-AVR/bin/../lib/gcc/avr/15.2.0/../../../../avr/lib/avr6/crtatmega2560.o
 .bss           0x00000000        0x0 C:/GCC-AVR/bin/../lib/gcc/avr/15.2.0/../../../../avr/lib/avr6/crtatmega2560.o
 .text          0x00000000        0x0 build/led.o
 .data          0x00000000        0x0 build/led.o
 .bss           0x00000000        0x0 build/led.o
 .text          0x00000000        0x0 build/usart.o
 .data          0x00000000        0x0 build/usart.o
 .bss           0x00000000        0x0 build/usart.o
 .text.readString
                0x00000000       0x66 build/usart.o
 .text.printByte
                0x00000000       0x3c build/usart.o
 .text.printWord
                0x00000000       0x76 build/usart.o
 .text.printBinaryByte
                0x00000000       0x44 build/usart.o
 .text.nibbleToHexCharacter
                0x00000000        0xc build/usart.o
 .text.printHexByte
                0x00000000       0x1e build/usart.o
 .text.getNumber
                0x00000000       0x52 build/usart.o
 .text          0x00000000        0x0 C:/GCC-AVR/bin/../lib/gcc/avr/15.2.0/avr6\libgcc.a(_udivmodqi4.o)
 .data          0x00000000        0x0 C:/GCC-AVR/bin/../lib/gcc/avr/15.2.0/avr6\libgcc.a(_udivmodqi4.o)
 .bss           0x00000000        0x0 C:/GCC-AVR/bin/../lib/gcc/avr/15.2.0/avr6\libgcc.a(_udivmodqi4.o)
 .text.libgcc.mul
                0x00000000        0x0 C:/GCC-AVR/bin/../lib/gcc/avr/15.2.0/avr6\libgcc.a(_udivmodqi4.o)
 .text.libgcc.div
                0x00000000       0x18 C:/GCC-AVR/bin/../lib/gcc/avr/15.2.0/avr6\libgcc.a(_udivmodqi4.o)
 .text.libgcc   0x00000000        0x0 C:/GCC-AVR/bin/../lib/gcc/avr/15.2.0/avr6\libgcc.a(_udivmodqi4.o)
 .text.libgcc.prologue
                0x00000000        0x0 C:/GCC-AVR/bin/../lib/gcc/avr/15.2.0/avr6\libgcc.a(_udivmodqi4.o)
 .text.libgcc.builtins
                0x00000000        0x0 C:/GCC-AVR/bin/../lib/gcc/avr/15.2.0/avr6\libgcc.a(_udivmodqi4.o)
 .text.libgcc.fmul
                0x00000000        0x0 C:/GCC-AVR/bin/../lib/gcc/avr/15.2.0/avr6\libgcc.a(_udivmodqi4.o)
 .text.libgcc.fixed
                0x00000000        0x0 C:/GCC-AVR/bin/../lib/gcc/avr/15.2.0/avr6\libgcc.a(_udivmodqi4.o)
 .debug_line    0x00000000       0x8d C:/GCC-AVR/bin/../lib/gcc/avr/15.2.0/avr6\libgcc.a(_udivmodqi4.o)
 .debug_line_str
                0x00000000       0x5c C:/GCC-AVR/bin/../lib/gcc/avr/15.2.0/avr6\libgcc.a(_udivmodqi4.o)
 .debug_info    0x00000000       0x24 C:/GCC-AVR/bin/../lib/gcc/avr/15.2.0/avr6\libgcc.a(_udivmodqi4.o)
 .debug_abbrev  0x00000000       0x14 C:/GCC-AVR/bin/../lib/gcc/avr/15.2.0/avr6\libgcc.a(_udivmodqi4.o)
 .debug_aranges
                0x00000000       0x20 C:/GCC-AVR/bin/../lib/gcc/avr/15.2.0/avr6\libgcc.a(_udivmodqi4.o)
 .debug_str     0x00000000       0x68 C:/GCC-AVR/bin/../lib/gcc/avr/15.2.0/avr6\libgcc.a(_udivmodqi4.o)
 .text          0x00000000        0x0 C:/GCC-AVR/bin/../lib/gcc/avr/15.2.0/avr6\libgcc.a(_udivmodhi4.o)
 .data          0x00000000        0x0 C:/GCC-AVR/bin/../lib/gcc/avr/15.2.0/avr6\libgcc.a(_udivmodhi4.o)
 .bss           0x00000000        0x0 C:/GCC-AVR/bin/../lib/gcc/avr/15.2.0/avr6\libgcc.a(_udivmodhi4.o)
 .text.libgcc.mul
                0x00000000        0x0 C:/GCC-AVR/bin/../lib/gcc/avr/15.2.0/avr6\libgcc.a(_udivmodhi4.o)
 .text.libgcc.div
                0x00000000       0x28 C:/GCC-AVR/bin/../lib/gcc/avr/15.2.0/avr6\libgcc.a(_udivmodhi4.o)
 .text.libgcc   0x00000000        0x0 C:/GCC-AVR/bin/../lib/gcc/avr/15.2.0/avr6\libgcc.a(_udivmodhi4.o)
 .text.libgcc.prologue
                0x00000000        0x0 C:/GCC-AVR/bin/../lib/gcc/avr/15.2.0/avr6\libgcc.a(_udivmodhi4.o)
 .text.libgcc.builtins
                0x00000000        0x0 C:/GCC-AVR/bin/../lib/gcc/avr/15.2.0/avr6\libgcc.a(_udivmodhi4.o)
 .text.libgcc.fmul
                0x00000000        0x0 C:/GCC-AVR/bin/../lib/gcc/avr/15.2.0/avr6\libgcc.a(_udivmodhi4.o)
 .text.libgcc.fixed
                0x00000000        0x0 C:/GCC-AVR/bin/../lib/gcc/avr/15.2.0/avr6\libgcc.a(_udivmodhi4.o)
 .debug_line    0x00000000       0xbd C:/GCC-AVR/bin/../lib/gcc/avr/15.2.0/avr6\libgcc.a(_udivmodhi4.o)
 .debug_line_str
                0x00000000       0x5c C:/GCC-AVR/bin/../lib/gcc/avr/15.2.0/avr6\libgcc.a(_udivmodhi4.o)
 .debug_info    0x00000000       0x24 C:/GCC-AVR/bin/../lib/gcc/avr/15.2.0/avr6\libgcc.a(_udivmodhi4.o)
 .debug_abbrev  0x00000000       0x14 C:/GCC-AVR/bin/../lib/gcc/avr/15.2.0/avr6\libgcc.a(_udivmodhi4.o)
 .debug_aranges
                0x00000000       0x20 C:/GCC-AVR/bin/../lib/gcc/avr/15.2.0/avr6\libgcc.a(_udivmodhi4.o)
 .debug_str     0x00000000       0x68 C:/GCC-AVR/bin/../lib/gcc/avr/15.2.0/avr6\libgcc.a(_udivmodhi4.o)
 .text          0x00000000        0x0 C:/GCC-AVR/bin/../lib/gcc/avr/15.2.0/avr6\libgcc.a(_exit.o)
 .data          0x00000000        0x0 C:/GCC-AVR/bin/../lib/gcc/avr/15.2.0/avr6\libgcc.a(_exit.o)
 .bss           0x00000000        0x0 C:/GCC-AVR/bin/../lib/gcc/avr/15.2.0/avr6\libgcc.a(_exit.o)
 .text.libgcc.mul
                0x00000000        0x0 C:/GCC-AVR/bin/../lib/gcc/avr/15.2.0/avr6\libgcc.a(_exit.o)
 .text.libgcc.div
                0x00000000        0x0 C:/GCC-AVR/bin/../lib/gcc/avr/15.2.0/avr6\libgcc.a(_exit.o)
 .text.libgcc   0x00000000        0x0 C:/GCC-AVR/bin/../lib/gcc/avr/15.2.0/avr6\libgcc.a(_exit.o)
 .text.libgcc.prologue
                0x00000000        0x0 C:/GCC-AVR/bin/../lib/gcc/avr/15.2.0/avr6\libgcc.a(_exit.o)
 .text.libgcc.builtins
                0x00000000        0x0 C:/GCC-AVR/bin/../lib/gcc/avr/15.2.0/avr6\libgcc.a(_exit.o)
 .text.libgcc.fmul
                0x00000000        0x0 C:/GCC-AVR/bin/../lib/gcc/avr/15.2.0/avr6\libgcc.a(_exit.o)
 .text.libgcc.fixed
                0x00000000        0x0 C:/GCC-AVR/bin/../lib/gcc/avr/15.2.0/avr6\libgcc.a(_exit.o)
 .text          0x00000000        0x0 C:/GCC-AVR/bin/../lib/gcc/avr/15.2.0/avr6\libgcc.a(_copy_data.o)
 .data          0x00000000        0x0 C:/GCC-AVR/bin/../lib/gcc/avr/15.2.0/avr6\libgcc.a(_copy_data.o)
 .bss           0x00000000        0x0 C:/GCC-AVR/bin/../lib/gcc/avr/15.2.0/avr6\libgcc.a(_copy_data.o)
 .text.libgcc.mul
                0x00000000        0x0 C:/GCC-AVR/bin/../lib/gcc/avr/15.2.0/avr6\libgcc.a(_copy_data.o)
 .text.libgcc.div
                0x00000000        0x0 C:/GCC-AVR/bin/../lib/gcc/avr/15.2.0/avr6\libgcc.a(_copy_data.o)
 .text.libgcc   0x00000000        0x0 C:/GCC-AVR/bin/../lib/gcc/avr/15.2.0/avr6\libgcc.a(_copy_data.o)
 .text.libgcc.prologue
                0x00000000        0x0 C:/GCC-AVR/bin/../lib/gcc/avr/15.2.0/avr6\libgcc.a(_copy_data.o)
 .text.libgcc.builtins
                0x00000000        0x0 C:/GCC-AVR/bin/../lib/gcc/avr/15.2.0/avr6\libgcc.a(_copy_data.o)
 .text.libgcc.fmul
                0x00000000        0x0 C:/GCC-AVR/bin/../lib/gcc/avr/15.2.0/avr6\libgcc.a(_copy_data.o)
 .text.libgcc.fixed
                0x00000000        0x0 C:/GCC-AVR/bin/../lib/gcc/avr/15.2.0/avr6\libgcc.a(_copy_data.o)
 .text          0x00000000        0x0 C:/GCC-AVR/bin/../lib/gcc/avr/15.2.0/../../../../avr/lib/avr6\libc.a(strcmp.o)
 .data          0x00000000        0x0 C:/GCC-AVR/bin/../lib/gcc/avr/15.2.0/../../../../avr/lib/avr6\libc.a(strcmp.o)
 .bss           0x00000000        0x0 C:/GCC-AVR/bin/../lib/gcc/avr/15.2.0/../../../../avr/lib/avr6\libc.a(strcmp.o)

Memory Configuration

Name             Origin             Length             Attributes
text             0x00000000         0x00040000         xr
data             0x00800200         0x00002000         rw!x
eeprom           0x00810000         0x00001000         rw!x
fuse             0x00820000         0x00000003         rw!x
lock             0x00830000         0x00000400         rw!x
signature        0x00840000         0x00000400         rw!x
user_signatures  0x00850000         0x00000400         rw!x
*default*        0x00000000         0xffffffff

Linker script and memory map

Address of section .data set to 0x800200
LOAD C:/GCC-AVR/bin/../lib/gcc/avr/15.2.0/../../../../avr/lib/avr6/crtatmega2560.o
Address of section .text set to 0x0
LOAD build/led.o
LOAD build/usart.o
START GROUP
LOAD C:/GCC-AVR/bin/../lib/gcc/avr/15.2.0/avr6\libgcc.a
LOAD C:/GCC-AVR/bin/../lib/gcc/avr/15.2.0/../../../../avr/lib/avr6\libm.a
LOAD C:/GCC-AVR/bin/../lib/gcc/avr/15.2.0/../../../../avr/lib/avr6\libc.a
LOAD C:/GCC-AVR/bin/../lib/gcc/avr/15.2.0/../../../../avr/lib/avr6\libatmega2560.a
END GROUP
                [0x00000000]                      __TEXT_REGION_ORIGIN__ = DEFINED (__TEXT_REGION_ORIGIN__)?__TEXT_REGION_ORIGIN__:0x0
                [0x00040000]                      __TEXT_REGION_LENGTH__ = DEFINED (__TEXT_REGION_LENGTH__)?__TEXT_REGION_LENGTH__:0x100000
                [0x00800200]                      __DATA_REGION_ORIGIN__ = DEFINED (__DATA_REGION_ORIGIN__)?__DATA_REGION_ORIGIN__:0x800200
                [0x00002000]                      __DATA_REGION_LENGTH__ = DEFINED (__DATA_REGION_LENGTH__)?__DATA_REGION_LENGTH__:0xfe00
                [0x00001000]                      __EEPROM_REGION_LENGTH__ = DEFINED (__EEPROM_REGION_LENGTH__)?__EEPROM_REGION_LENGTH__:0x10000
                [0x00000003]                      __FUSE_REGION_LENGTH__ = DEFINED (__FUSE_REGION_LENGTH__)?__FUSE_REGION_LENGTH__:0x400
                0x00000400                        __LOCK_REGION_LENGTH__ = DEFINED (__LOCK_REGION_LENGTH__)?__LOCK_REGION_LENGTH__:0x400
                0x00000400                        __SIGNATURE_REGION_LENGTH__ = DEFINED (__SIGNATURE_REGION_LENGTH__)?__SIGNATURE_REGION_LENGTH__:0x400
                0x00000400                        __USER_SIGNATURE_REGION_LENGTH__ = DEFINED (__USER_SIGNATURE_REGION_LENGTH__)?__USER_SIGNATURE_REGION_LENGTH__:0x400

.hash
 *(.hash)

.dynsym
 *(.dynsym)

.dynstr
 *(.dynstr)

.gnu.version
 *(.gnu.version)

.gnu.version_d
 *(.gnu.version_d)

.gnu.version_r
 *(.gnu.version_r)

.rel.init
 *(.rel.init)

.rela.init
 *(.rela.init)

.rel.text
 *(.rel.text)
 *(.rel.text.*)
 *(.rel.gnu.linkonce.t*)

.rela.text
 *(.rela.text)
 *(.rela.text.*)
 *(.rela.gnu.linkonce.t*)

.rel.fini
 *(.rel.fini)

.rela.fini
 *(.rela.fini)

.rel.rodata
 *(.rel.rodata)
 *(.rel.rodata.*)
 *(.rel.gnu.linkonce.r*)

.rela.rodata
 *(.rela.rodata)
 *(.rela.rodata.*)
 *(.rela.gnu.linkonce.r*)

.rel.data
 *(.rel.data)
 *(.rel.data.*)
 *(.rel.gnu.linkonce.d*)

.rela.data
 *(.rela.data)
 *(.rela.data.*)
 *(.rela.gnu.linkonce.d*)

.rel.ctors
 *(.rel.ctors)

.rela.ctors
 *(.rela.ctors)

.rel.dtors
 *(.rel.dtors)

.rela.dtors
 *(.rela.dtors)

.rel.got
 *(.rel.got)

.rela.got
 *(.rela.got)

.rel.bss
 *(.rel.bss)

.rela.bss
 *(.rela.bss)

.rel.plt
 *(.rel.plt)

.rela.plt
 *(.rela.plt)

.text           0x00000000      0x2b2
 *(.vectors)
 .vectors       0x00000000       0xe4 C:/GCC-AVR/bin/../lib/gcc/avr/15.2.0/../../../../avr/lib/avr6/crtatmega2560.o
                0x00000000                __vector_default
                0x00000000                __vectors
 *(.vectors)
                0x000000e4                        __progmem_start = .
 *(.progmem)
 *(.progmem.*)
                0x000000e4                        __progmem_end = .
                0x00000001                        ASSERT (((__progmem_start == __progmem_end) || (__progmem_end <= 0x10000)), .progmem section exceeds 0x10000)
                0x000000e4                        . = ALIGN (0x2)
                0x000000e4                        __trampolines_start = .
 *(.trampolines)
 .trampolines   0x000000e4        0x0 linker stubs
 *(.trampolines*)
                0x000000e4                        __trampolines_end = .
                0x000000e4                        . = ALIGN (0x2)
 *(.lowtext)
 *(.lowtext*)
                0x000000e4                        __ctors_start = .
 *(.ctors)
                0x000000e4                        __ctors_end = .
                0x000000e4                        __dtors_start = .
 *(.dtors)
                0x000000e4                        __dtors_end = .
 SORT_BY_NAME(*)(.ctors)
 SORT_BY_NAME(*)(.dtors)
 *(.init0)
 .init0         0x000000e4        0x0 C:/GCC-AVR/bin/../lib/gcc/avr/15.2.0/../../../../avr/lib/avr6/crtatmega2560.o
                0x000000e4                __init
 *(.init0)
 *(.init1)
 *(.init1)
 *(.init2)
 .init2         0x000000e4       0x10 C:/GCC-AVR/bin/../lib/gcc/avr/15.2.0/../../../../avr/lib/avr6/crtatmega2560.o
 *(.init2)
 *(.init3)
 *(.init3)
 *(.init4)
 .init4         0x000000f4       0x1a C:/GCC-AVR/bin/../lib/gcc/avr/15.2.0/avr6\libgcc.a(_copy_data.o)
                0x000000f4                __do_copy_data
 *(.init4)
 *(.init5)
 *(.init5)
 *(.init6)
 *(.init6)
 *(.init7)
 *(.init7)
 *(.init8)
 *(.init8)
 *(.init9)
 .init9         0x0000010e        0x4 C:/GCC-AVR/bin/../lib/gcc/avr/15.2.0/../../../../avr/lib/avr6/crtatmega2560.o
 *(.init9)
 *(.text)
 .text          0x00000112        0x2 C:/GCC-AVR/bin/../lib/gcc/avr/15.2.0/../../../../avr/lib/avr6/crtatmega2560.o
                0x00000112                __vector_38
                0x00000112                __vector_22
                0x00000112                __vector_28
                0x00000112                __vector_1
                0x00000112                __vector_32
                0x00000112                __vector_34
                0x00000112                __vector_24
                0x00000112                __vector_12
                0x00000112                __vector_55
                0x00000112                __vector_46
                0x00000112                __bad_interrupt
                0x00000112                __vector_6
                0x00000112                __vector_31
                0x00000112                __vector_35
                0x00000112                __vector_39
                0x00000112                __vector_3
                0x00000112                __vector_23
                0x00000112                __vector_30
                0x00000112                __vector_45
                0x00000112                __vector_25
                0x00000112                __vector_11
                0x00000112                __vector_54
                0x00000112                __vector_13
                0x00000112                __vector_17
                0x00000112                __vector_19
                0x00000112                __vector_56
                0x00000112                __vector_7
                0x00000112                __vector_49
                0x00000112                __vector_41
                0x00000112                __vector_43
                0x00000112                __vector_27
                0x00000112                __vector_5
                0x00000112                __vector_33
                0x00000112                __vector_47
                0x00000112                __vector_52
                0x00000112                __vector_37
                0x00000112                __vector_4
                0x00000112                __vector_44
                0x00000112                __vector_51
                0x00000112                __vector_9
                0x00000112                __vector_2
                0x00000112                __vector_21
                0x00000112                __vector_15
                0x00000112                __vector_36
                0x00000112                __vector_29
                0x00000112                __vector_40
                0x00000112                __vector_8
                0x00000112                __vector_26
                0x00000112                __vector_48
                0x00000112                __vector_14
                0x00000112                __vector_53
                0x00000112                __vector_10
                0x00000112                __vector_50
                0x00000112                __vector_16
                0x00000112                __vector_18
                0x00000112                __vector_20
                0x00000112                __vector_42
                0x00000114                        . = ALIGN (0x2)
 *(.text.*)
 .text.read_string
                0x00000114       0x3c build/led.o
                0x00000114                read_string
 .text.quite    0x00000150       0x1e build/led.o
                0x00000150                quite
 .text.startup.main
                0x0000016e       0xba build/led.o
                0x0000016e                main
 .text.initUSART
                0x00000228       0x22 build/usart.o
                0x00000228                initUSART
 .text.transmitByte
                0x0000024a        0xe build/usart.o
                0x0000024a                transmitByte
 .text.receiveByte
                0x00000258        0xe build/usart.o
                0x00000258                receiveByte
 .text.printString
                0x00000266       0x36 build/usart.o
                0x00000266                printString
 .text.avr-libc
                0x0000029c       0x12 C:/GCC-AVR/bin/../lib/gcc/avr/15.2.0/../../../../avr/lib/avr6\libc.a(strcmp.o)
                0x0000029c                strcmp
                0x000002ae                        . = ALIGN (0x2)
 *(.fini9)
 .fini9         0x000002ae        0x0 C:/GCC-AVR/bin/../lib/gcc/avr/15.2.0/avr6\libgcc.a(_exit.o)
                0x000002ae                _exit
                0x000002ae                exit
 *(.fini9)
 *(.fini8)
 *(.fini8)
 *(.fini7)
 *(.fini7)
 *(.fini6)
 *(.fini6)
 *(.fini5)
 *(.fini5)
 *(.fini4)
 *(.fini4)
 *(.fini3)
 *(.fini3)
 *(.fini2)
 *(.fini2)
 *(.fini1)
 *(.fini1)
 *(.fini0)
 .fini0         0x000002ae        0x4 C:/GCC-AVR/bin/../lib/gcc/avr/15.2.0/avr6\libgcc.a(_exit.o)
 *(.fini0)
 *(.hightext)
 *(.hightext*)
 *(.progmemx)
 *(.progmemx.*)
                0x000002b2                        . = ALIGN (0x2)
 *(.jumptables)
 *(.jumptables*)
                0x000002b2                        _etext = .

.data           0x00800200       0x86 load address 0x000002b2
                0x00800200                        PROVIDE (__data_start = .)
 *(.data)
 *(.data*)
 *(.gnu.linkonce.d*)
 *(.rodata)
 *(.rodata*)
 .rodata.main.str1.1
                0x00800200       0x86 build/led.o
 *(.gnu.linkonce.r*)
                0x00800286                        . = ALIGN (0x2)
                0x00800286                        _edata = .
                0x00800286                        PROVIDE (__data_end = .)

.bss            0x00800286        0x0
                [!provide]                        PROVIDE (__bss_start = .)
 *(.bss)
 *(.bss*)
 *(COMMON)
                [!provide]                        PROVIDE (__bss_end = .)
                0x000002b2                        __data_load_start = LOADADDR (.data)
                0x00000338                        __data_load_end = (__data_load_start + SIZEOF (.data))

.noinit         0x00800286        0x0
                [!provide]                        PROVIDE (__noinit_start = .)
 *(.noinit .noinit.* .gnu.linkonce.n.*)
                [!provide]                        PROVIDE (__noinit_end = .)
                0x00800286                        _end = .
                [!provide]                        PROVIDE (__heap_start = .)
                0x00000000                        __flmap_init_label = DEFINED (__flmap_noinit_start)?__flmap_noinit_start:0x0
                0x00000000                        __flmap = DEFINED (__flmap)?__flmap:0x0

.eeprom         0x00810000        0x0
 *(.eeprom*)
                0x00810000                        __eeprom_end = .

.fuse
 *(.fuse)
 *(.lfuse)
 *(.hfuse)
 *(.efuse)

.lock
 *(.lock*)

.signature
 *(.signature*)

.stab
 *(.stab)

.stabstr
 *(.stabstr)

.stab.excl
 *(.stab.excl)

.stab.exclstr
 *(.stab.exclstr)

.stab.index
 *(.stab.index)

.stab.indexstr
 *(.stab.indexstr)

.comment        0x00000000       0x12
 *(.comment)
 .comment       0x00000000       0x12 build/led.o
                                 0x13 (size before relaxing)
 .comment       0x00000012        0x0 build/usart.o
                                 0x13 (size before relaxing)

.note.gnu.avr.deviceinfo
                0x00000000       0x40
 .note.gnu.avr.deviceinfo
                0x00000000       0x40 C:/GCC-AVR/bin/../lib/gcc/avr/15.2.0/../../../../avr/lib/avr6/crtatmega2560.o

.gnu.build.attributes
 *(.gnu.build.attributes .gnu.build.attributes.*)

.note.gnu.build-id
 *(.note.gnu.build-id)

.debug
 *(.debug)

.line
 *(.line)

.debug_srcinfo
 *(.debug_srcinfo)

.debug_sfnames
 *(.debug_sfnames)

.debug_aranges  0x00000000       0x40
 *(.debug_aranges)
 .debug_aranges
                0x00000000       0x20 C:/GCC-AVR/bin/../lib/gcc/avr/15.2.0/avr6\libgcc.a(_exit.o)
 .debug_aranges
                0x00000020       0x20 C:/GCC-AVR/bin/../lib/gcc/avr/15.2.0/avr6\libgcc.a(_copy_data.o)

.debug_pubnames
 *(.debug_pubnames)

.debug_info     0x00000000      0xc04
 *(.debug_info .gnu.linkonce.wi.*)
 .debug_info    0x00000000      0xbbc C:/GCC-AVR/bin/../lib/gcc/avr/15.2.0/../../../../avr/lib/avr6/crtatmega2560.o
 .debug_info    0x00000bbc       0x24 C:/GCC-AVR/bin/../lib/gcc/avr/15.2.0/avr6\libgcc.a(_exit.o)
 .debug_info    0x00000be0       0x24 C:/GCC-AVR/bin/../lib/gcc/avr/15.2.0/avr6\libgcc.a(_copy_data.o)

.debug_abbrev   0x00000000      0xb42
 *(.debug_abbrev)
 .debug_abbrev  0x00000000      0xb1a C:/GCC-AVR/bin/../lib/gcc/avr/15.2.0/../../../../avr/lib/avr6/crtatmega2560.o
 .debug_abbrev  0x00000b1a       0x14 C:/GCC-AVR/bin/../lib/gcc/avr/15.2.0/avr6\libgcc.a(_exit.o)
 .debug_abbrev  0x00000b2e       0x14 C:/GCC-AVR/bin/../lib/gcc/avr/15.2.0/avr6\libgcc.a(_copy_data.o)

.debug_line     0x00000000      0x101
 *(.debug_line .debug_line.* .debug_line_end)
 .debug_line    0x00000000       0x1d C:/GCC-AVR/bin/../lib/gcc/avr/15.2.0/../../../../avr/lib/avr6/crtatmega2560.o
 .debug_line    0x0000001d       0x51 C:/GCC-AVR/bin/../lib/gcc/avr/15.2.0/avr6\libgcc.a(_exit.o)
 .debug_line    0x0000006e       0x93 C:/GCC-AVR/bin/../lib/gcc/avr/15.2.0/avr6\libgcc.a(_copy_data.o)

.debug_frame
 *(.debug_frame)

.debug_str      0x00000000      0x44e
 *(.debug_str)
 .debug_str     0x00000000      0x3e6 C:/GCC-AVR/bin/../lib/gcc/avr/15.2.0/../../../../avr/lib/avr6/crtatmega2560.o
 .debug_str     0x000003e6       0x68 C:/GCC-AVR/bin/../lib/gcc/avr/15.2.0/avr6\libgcc.a(_exit.o)
 .debug_str     0x0000044e        0x0 C:/GCC-AVR/bin/../lib/gcc/avr/15.2.0/avr6\libgcc.a(_copy_data.o)
                                 0x68 (size before relaxing)

.debug_loc
 *(.debug_loc)

.debug_macinfo
 *(.debug_macinfo)

.debug_weaknames
 *(.debug_weaknames)

.debug_funcnames
 *(.debug_funcnames)

.debug_typenames
 *(.debug_typenames)

.debug_varnames
 *(.debug_varnames)

.debug_pubtypes
 *(.debug_pubtypes)

.debug_ranges
 *(.debug_ranges)

.debug_addr
 *(.debug_addr)

.debug_line_str
                0x00000000       0x5c
 *(.debug_line_str)
 .debug_line_str
                0x00000000       0x5c C:/GCC-AVR/bin/../lib/gcc/avr/15.2.0/avr6\libgcc.a(_exit.o)
 .debug_line_str
                0x0000005c        0x0 C:/GCC-AVR/bin/../lib/gcc/avr/15.2.0/avr6\libgcc.a(_copy_data.o)
                                 0x5c (size before relaxing)

.debug_loclists
 *(.debug_loclists)

.debug_macro
 *(.debug_macro)

.debug_names
 *(.debug_names)

.debug_rnglists
 *(.debug_rnglists)

.debug_str_offsets
 *(.debug_str_offsets)

.debug_sup
 *(.debug_sup)
OUTPUT(build/Led.elf elf32-avr)
LOAD linker stubs
